###############################################################################
#
# IAR ELF Linker V7.80.1.11864/W32 for ARM                31/Mar/2018  23:30:50
# Copyright 2007-2016 IAR Systems AB.
#
#    Output file  =  
#        D:\WiFi_Camera_Prj\WiFi_Camera_Firmware\EWARM\WiFi_Camera\Exe\WiFi_Camera.out
#    Map file     =  
#        D:\WiFi_Camera_Prj\WiFi_Camera_Firmware\EWARM\WiFi_Camera\List\WiFi_Camera.map
#    Command line =  
#        D:\WiFi_Camera_Prj\WiFi_Camera_Firmware\EWARM\WiFi_Camera\Obj\camera_task.o
#        D:\WiFi_Camera_Prj\WiFi_Camera_Firmware\EWARM\WiFi_Camera\Obj\client_task.o
#        D:\WiFi_Camera_Prj\WiFi_Camera_Firmware\EWARM\WiFi_Camera\Obj\client_task_demo.o
#        D:\WiFi_Camera_Prj\WiFi_Camera_Firmware\EWARM\WiFi_Camera\Obj\cmsis_os.o
#        D:\WiFi_Camera_Prj\WiFi_Camera_Firmware\EWARM\WiFi_Camera\Obj\croutine.o
#        D:\WiFi_Camera_Prj\WiFi_Camera_Firmware\EWARM\WiFi_Camera\Obj\debug_task.o
#        D:\WiFi_Camera_Prj\WiFi_Camera_Firmware\EWARM\WiFi_Camera\Obj\delay.o
#        D:\WiFi_Camera_Prj\WiFi_Camera_Firmware\EWARM\WiFi_Camera\Obj\display_task.o
#        D:\WiFi_Camera_Prj\WiFi_Camera_Firmware\EWARM\WiFi_Camera\Obj\event_groups.o
#        D:\WiFi_Camera_Prj\WiFi_Camera_Firmware\EWARM\WiFi_Camera\Obj\freertos.o
#        D:\WiFi_Camera_Prj\WiFi_Camera_Firmware\EWARM\WiFi_Camera\Obj\heap_4.o
#        D:\WiFi_Camera_Prj\WiFi_Camera_Firmware\EWARM\WiFi_Camera\Obj\lcd_driver.o
#        D:\WiFi_Camera_Prj\WiFi_Camera_Firmware\EWARM\WiFi_Camera\Obj\list.o
#        D:\WiFi_Camera_Prj\WiFi_Camera_Firmware\EWARM\WiFi_Camera\Obj\main.o
#        D:\WiFi_Camera_Prj\WiFi_Camera_Firmware\EWARM\WiFi_Camera\Obj\memory.o
#        D:\WiFi_Camera_Prj\WiFi_Camera_Firmware\EWARM\WiFi_Camera\Obj\motor_task.o
#        D:\WiFi_Camera_Prj\WiFi_Camera_Firmware\EWARM\WiFi_Camera\Obj\ov7670.o
#        D:\WiFi_Camera_Prj\WiFi_Camera_Firmware\EWARM\WiFi_Camera\Obj\port.o
#        D:\WiFi_Camera_Prj\WiFi_Camera_Firmware\EWARM\WiFi_Camera\Obj\portasm.o
#        D:\WiFi_Camera_Prj\WiFi_Camera_Firmware\EWARM\WiFi_Camera\Obj\queue.o
#        D:\WiFi_Camera_Prj\WiFi_Camera_Firmware\EWARM\WiFi_Camera\Obj\sccb.o
#        D:\WiFi_Camera_Prj\WiFi_Camera_Firmware\EWARM\WiFi_Camera\Obj\startup_stm32f437xx.o
#        D:\WiFi_Camera_Prj\WiFi_Camera_Firmware\EWARM\WiFi_Camera\Obj\stm32f4xx_hal.o
#        D:\WiFi_Camera_Prj\WiFi_Camera_Firmware\EWARM\WiFi_Camera\Obj\stm32f4xx_hal_cortex.o
#        D:\WiFi_Camera_Prj\WiFi_Camera_Firmware\EWARM\WiFi_Camera\Obj\stm32f4xx_hal_dcmi.o
#        D:\WiFi_Camera_Prj\WiFi_Camera_Firmware\EWARM\WiFi_Camera\Obj\stm32f4xx_hal_dcmi_ex.o
#        D:\WiFi_Camera_Prj\WiFi_Camera_Firmware\EWARM\WiFi_Camera\Obj\stm32f4xx_hal_dma.o
#        D:\WiFi_Camera_Prj\WiFi_Camera_Firmware\EWARM\WiFi_Camera\Obj\stm32f4xx_hal_dma_ex.o
#        D:\WiFi_Camera_Prj\WiFi_Camera_Firmware\EWARM\WiFi_Camera\Obj\stm32f4xx_hal_flash.o
#        D:\WiFi_Camera_Prj\WiFi_Camera_Firmware\EWARM\WiFi_Camera\Obj\stm32f4xx_hal_flash_ex.o
#        D:\WiFi_Camera_Prj\WiFi_Camera_Firmware\EWARM\WiFi_Camera\Obj\stm32f4xx_hal_flash_ramfunc.o
#        D:\WiFi_Camera_Prj\WiFi_Camera_Firmware\EWARM\WiFi_Camera\Obj\stm32f4xx_hal_gpio.o
#        D:\WiFi_Camera_Prj\WiFi_Camera_Firmware\EWARM\WiFi_Camera\Obj\stm32f4xx_hal_i2c.o
#        D:\WiFi_Camera_Prj\WiFi_Camera_Firmware\EWARM\WiFi_Camera\Obj\stm32f4xx_hal_i2c_ex.o
#        D:\WiFi_Camera_Prj\WiFi_Camera_Firmware\EWARM\WiFi_Camera\Obj\stm32f4xx_hal_msp.o
#        D:\WiFi_Camera_Prj\WiFi_Camera_Firmware\EWARM\WiFi_Camera\Obj\stm32f4xx_hal_pwr.o
#        D:\WiFi_Camera_Prj\WiFi_Camera_Firmware\EWARM\WiFi_Camera\Obj\stm32f4xx_hal_pwr_ex.o
#        D:\WiFi_Camera_Prj\WiFi_Camera_Firmware\EWARM\WiFi_Camera\Obj\stm32f4xx_hal_rcc.o
#        D:\WiFi_Camera_Prj\WiFi_Camera_Firmware\EWARM\WiFi_Camera\Obj\stm32f4xx_hal_rcc_ex.o
#        D:\WiFi_Camera_Prj\WiFi_Camera_Firmware\EWARM\WiFi_Camera\Obj\stm32f4xx_hal_rtc.o
#        D:\WiFi_Camera_Prj\WiFi_Camera_Firmware\EWARM\WiFi_Camera\Obj\stm32f4xx_hal_rtc_ex.o
#        D:\WiFi_Camera_Prj\WiFi_Camera_Firmware\EWARM\WiFi_Camera\Obj\stm32f4xx_hal_sd.o
#        D:\WiFi_Camera_Prj\WiFi_Camera_Firmware\EWARM\WiFi_Camera\Obj\stm32f4xx_hal_tim.o
#        D:\WiFi_Camera_Prj\WiFi_Camera_Firmware\EWARM\WiFi_Camera\Obj\stm32f4xx_hal_tim_ex.o
#        D:\WiFi_Camera_Prj\WiFi_Camera_Firmware\EWARM\WiFi_Camera\Obj\stm32f4xx_hal_timebase_TIM.o
#        D:\WiFi_Camera_Prj\WiFi_Camera_Firmware\EWARM\WiFi_Camera\Obj\stm32f4xx_hal_uart.o
#        D:\WiFi_Camera_Prj\WiFi_Camera_Firmware\EWARM\WiFi_Camera\Obj\stm32f4xx_it.o
#        D:\WiFi_Camera_Prj\WiFi_Camera_Firmware\EWARM\WiFi_Camera\Obj\stm32f4xx_ll_sdmmc.o
#        D:\WiFi_Camera_Prj\WiFi_Camera_Firmware\EWARM\WiFi_Camera\Obj\system_stm32f4xx.o
#        D:\WiFi_Camera_Prj\WiFi_Camera_Firmware\EWARM\WiFi_Camera\Obj\tasks.o
#        D:\WiFi_Camera_Prj\WiFi_Camera_Firmware\EWARM\WiFi_Camera\Obj\timers.o
#        D:\WiFi_Camera_Prj\WiFi_Camera_Firmware\EWARM\WiFi_Camera\Obj\util.o
#        D:\WiFi_Camera_Prj\WiFi_Camera_Firmware\EWARM\WiFi_Camera\Obj\wifi_task.o
#        D:\WiFi_Camera_Prj\WiFi_Camera_Firmware\EWARM\WiFi_Camera\Obj\wifi_task_demo.o
#        --redirect _Printf=_PrintfFull --redirect _Scanf=_ScanfFull -o
#        D:\WiFi_Camera_Prj\WiFi_Camera_Firmware\EWARM\WiFi_Camera\Exe\WiFi_Camera.out
#        --map
#        D:\WiFi_Camera_Prj\WiFi_Camera_Firmware\EWARM\WiFi_Camera\List\WiFi_Camera.map
#        --config
#        D:\WiFi_Camera_Prj\WiFi_Camera_Firmware\EWARM\stm32f437xx_flash_offset.icf
#        --semihosting --entry __iar_program_start --vfe
#
###############################################################################

*******************************************************************************
*** RUNTIME MODEL ATTRIBUTES
***

CppFlavor                     = *
__Heap_Handler                = Basic
__SystemLibrary               = DLib
__dlib_dynamic_initialization = normal


*******************************************************************************
*** PLACEMENT SUMMARY
***

"A0":  place at 0x08020000 { ro section .intvec };
"P1":  place in [from 0x08020000 to 0x0805ffff] { ro };
"P2":  place in [from 0x20000000 to 0x2003ffff] { rw, block CSTACK, block HEAP };
initialize by copy { rw };

  Section             Kind        Address     Size  Object
  -------             ----        -------     ----  ------
"A0":                                        0x1ac
  .intvec             ro code  0x08020000    0x1ac  startup_stm32f437xx.o [1]
                             - 0x080201ac    0x1ac

"P1":                                       0xf367
  .text               ro code  0x080201ac   0x1d3c  wifi_task.o [1]
  .text               ro code  0x08021ee8    0xa84  tasks.o [1]
  .text               ro code  0x0802296c    0x614  queue.o [1]
  .text               ro code  0x08022f80    0x178  debug_task.o [1]
  .text               ro code  0x080230f8     0x34  sprintf.o [3]
  .text               ro code  0x0802312c    0xed0  client_task.o [1]
  .text               ro code  0x08023ffc     0x66  ABImemset.o [5]
  .text               ro code  0x08024062      0xa  xsprout.o [3]
  .text               ro code  0x0802406c    0x224  heap_4.o [1]
  .text               ro code  0x08024290     0x76  ABImemcpy_unaligned.o [5]
  .text               ro code  0x08024308    0x520  memory.o [1]
  .text               ro code  0x08024828    0x218  event_groups.o [1]
  .text               ro code  0x08024a40    0xa68  stm32f4xx_hal_uart.o [1]
  .text               ro code  0x080254a8    0x9b2  main.o [1]
  .text               ro code  0x08025e5c     0x36  strlen.o [5]
  .text               ro code  0x08025e94     0x62  memcmp_unaligned.o [5]
  .text               ro code  0x08025ef6     0x9e  list.o [1]
  .text               ro code  0x08025f94    0x18c  port.o [1]
  .text               ro code  0x08026120    0x47c  timers.o [1]
  .text               ro code  0x0802659c      0x2  freertos.o [1]
  .text               ro code  0x080265a0   0x119a  xprintffull.o [3]
  .text               ro code  0x0802773c    0x1ac  stm32f4xx_hal_cortex.o [1]
  .text               ro code  0x080278e8    0x432  stm32f4xx_hal_rtc.o [1]
  .text               ro code  0x08027d1c     0x26  stm32f4xx_hal_rtc_ex.o [1]
  .text               ro code  0x08027d42      0x2  freertos.o [1]
  .text               ro code  0x08027d44    0x27c  stm32f4xx_hal_flash.o [1]
  .text               ro code  0x08027fc0    0x238  stm32f4xx_hal_flash_ex.o [1]
  .text               ro code  0x080281f8     0x1e  stm32f4xx_hal.o [1]
  .text               ro code  0x08028218    0x634  stm32f4xx_hal_msp.o [1]
  .text               ro code  0x0802884c      0xc  stm32f4xx_hal.o [1]
  .text               ro code  0x08028858    0x5c8  stm32f4xx_hal_dma.o [1]
  .text               ro code  0x08028e20      0x2  stm32f4xx_hal_uart.o [1]
  .text               ro code  0x08028e22      0x2  stm32f4xx_hal_uart.o [1]
  .text               ro code  0x08028e24      0x2  stm32f4xx_hal_uart.o [1]
  .text               ro code  0x08028e28    0x2e0  stm32f4xx_hal_rcc.o [1]
  .text               ro code  0x08029108     0x40  stm32f4xx_hal.o [1]
  .text               ro code  0x08029148     0x76  cmsis_os.o [1]
  .text               ro code  0x080291c0    0x3b4  stm32f4xx_hal_rcc.o [1]
  .text               ro code  0x08029574     0x94  stm32f4xx_hal_pwr_ex.o [1]
  .text               ro code  0x08029608    0x2f8  stm32f4xx_hal_rcc_ex.o [1]
  .text               ro code  0x08029900     0xa2  stm32f4xx_hal_dcmi_ex.o [1]
  .text               ro code  0x080299a4    0x130  stm32f4xx_hal_i2c.o [1]
  .text               ro code  0x08029ad4    0x900  stm32f4xx_hal_tim.o [1]
  .text               ro code  0x0802a3d4     0x5a  stm32f4xx_hal_tim_ex.o [1]
  .text               ro code  0x0802a430    0x3e8  stm32f4xx_hal_gpio.o [1]
  .text               ro code  0x0802a818     0x10  stm32f4xx_hal.o [1]
  .text               ro code  0x0802a828    0x764  motor_task.o [1]
  CODE                ro code  0x0802af8c     0xa8  portasm.o [1]
  .text               ro code  0x0802b034     0x20  xmbtowc.o [3]
  .text               ro code  0x0802b054     0x16  strchr.o [5]
  .text               ro code  0x0802b06c     0x58  memchr.o [5]
  .text               ro code  0x0802b0c4      0xa  xmbcurmax.o [3]
  .text               ro code  0x0802b0d0     0xb0  xxmemxmalloc.o [3]
  .text               ro code  0x0802b180     0x1a  xwctomb.o [3]
  .text               ro code  0x0802b19c     0x80  xxmemxfree.o [3]
  .text               ro code  0x0802b21c     0xee  I64DivMod.o [5]
  .text               ro code  0x0802b30a     0x44  xdnorm.o [4]
  .text               ro code  0x0802b350     0x2e  DblCmpLe.o [4]
  .text               ro code  0x0802b380     0x2e  DblCmpGe.o [4]
  .text               ro code  0x0802b3b0    0x114  xdscale.o [4]
  .text               ro code  0x0802b4c4     0x58  DblToI32.o [4]
  .text               ro code  0x0802b51c     0x30  I32ToDbl.o [4]
  .text               ro code  0x0802b54c    0x180  DblSub.o [4]
  .text               ro code  0x0802b6cc    0x1a2  DblMul.o [4]
  .text               ro code  0x0802b870    0x256  DblDiv.o [4]
  .text               ro code  0x0802bac8     0x6c  localeconv.o [3]
  .text               ro code  0x0802bb34      0xe  div.o [3]
  .text               ro code  0x0802bb44     0x98  stm32f4xx_hal_timebase_TIM.o [1]
  .text               ro code  0x0802bbdc      0x2  stm32f4xx_hal_tim.o [1]
  .text               ro code  0x0802bbde      0x2  stm32f4xx_hal_tim.o [1]
  .text               ro code  0x0802bbe0      0x2  stm32f4xx_hal_tim.o [1]
  .text               ro code  0x0802bbe2      0x2  stm32f4xx_hal_tim.o [1]
  .text               ro code  0x0802bbe4      0x2  stm32f4xx_hal_tim_ex.o [1]
  .text               ro code  0x0802bbe6      0x2  stm32f4xx_hal_tim.o [1]
  .text               ro code  0x0802bbe8      0x2  stm32f4xx_hal_tim_ex.o [1]
  .text               ro code  0x0802bbec     0x14  setlocale.o [3]
  .text               ro code  0x0802bc00     0x60  xencoding_sb.o [3]
  .text               ro code  0x0802bc60     0x2c  xgetmemchunk.o [3]
  .text               ro code  0x0802bc8c      0x2  I64DivZer.o [5]
  .text               ro code  0x0802bc90     0xd4  DblAdd.o [4]
  .text               ro code  0x0802bd64      0x2  xtls.o [3]
  .text               ro code  0x0802bd68   0x10dc  stm32f4xx_hal_dma_ex.o [1]
  .text               ro code  0x0802ce44    0x424  camera_task.o [1]
  .text               ro code  0x0802d268    0x1f0  ov7670.o [1]
  .text               ro code  0x0802d458    0x300  stm32f4xx_hal_dcmi.o [1]
  .text               ro code  0x0802d758     0x4a  delay.o [1]
  .text               ro code  0x0802d7a4    0x1ae  sccb.o [1]
  .text               ro code  0x0802d952      0x2  stm32f4xx_hal_dcmi.o [1]
  .text               ro code  0x0802d954      0x2  stm32f4xx_hal_dcmi.o [1]
  .text               ro code  0x0802d956      0x2  stm32f4xx_hal_dcmi.o [1]
  .text               ro code  0x0802d958    0x204  lcd_driver.o [1]
  .rodata             const    0x0802db5c    0x17c  ov7670.o [1]
  .text               ro code  0x0802dcd8     0xbc  display_task.o [1]
  .text               ro code  0x0802dd94     0x9c  stm32f4xx_it.o [1]
  .text               ro code  0x0802de30     0x70  system_stm32f4xx.o [1]
  .rodata             const    0x0802dea0     0x50  ov7670.o [1]
  .rodata             const    0x0802def0     0x50  ov7670.o [1]
  .rodata             const    0x0802df40     0x50  ov7670.o [1]
  .rodata             const    0x0802df90     0x50  ov7670.o [1]
  .rodata             const    0x0802dfe0     0x50  ov7670.o [1]
  .rodata             const    0x0802e030     0x50  ov7670.o [1]
  .rodata             const    0x0802e080     0x4c  camera_task.o [1]
  .rodata             const    0x0802e0cc     0x4c  ov7670.o [1]
  .rodata             const    0x0802e118     0x48  motor_task.o [1]
  .rodata             const    0x0802e160     0x48  wifi_task.o [1]
  .rodata             const    0x0802e1a8     0x40  stm32f4xx_hal_msp.o [1]
  .text               ro code  0x0802e1e8     0x40  zero_init3.o [5]
  .text               ro code  0x0802e228     0x38  packbits_init_single.o [5]
  .rodata             const    0x0802e260     0x34  main.o [1]
  .rodata             const    0x0802e294     0x30  wifi_task.o [1]
  .text               ro code  0x0802e2c4     0x30  iarttio.o [6]
  .text               ro code  0x0802e2f4      0x8  XShttio.o [3]
  .rodata             const    0x0802e2fc     0x2c  wifi_task.o [1]
  .rodata             const    0x0802e328     0x2c  wifi_task.o [1]
  .rodata             const    0x0802e354     0x2c  wifi_task.o [1]
  .rodata             const    0x0802e380     0x2c  wifi_task.o [1]
  .rodata             const    0x0802e3ac     0x28  wifi_task.o [1]
  .rodata             const    0x0802e3d4     0x28  wifi_task.o [1]
  .rodata             const    0x0802e3fc     0x28  wifi_task.o [1]
  .rodata             const    0x0802e424     0x28  wifi_task.o [1]
  .rodata             const    0x0802e44c     0x28  wifi_task.o [1]
  .rodata             const    0x0802e474     0x28  wifi_task.o [1]
  .rodata             const    0x0802e49c     0x28  wifi_task.o [1]
  .rodata             const    0x0802e4c4     0x28  wifi_task.o [1]
  .rodata             const    0x0802e4ec     0x28  wifi_task.o [1]
  .text               ro code  0x0802e514     0x28  data_init.o [5]
  .rodata             const    0x0802e53c     0x24  client_task.o [1]
  .rodata             const    0x0802e560     0x24  client_task.o [1]
  .rodata             const    0x0802e584     0x24  wifi_task.o [1]
  .rodata             const    0x0802e5a8     0x24  wifi_task.o [1]
  .rodata             const    0x0802e5cc     0x24  wifi_task.o [1]
  .rodata             const    0x0802e5f0     0x24  wifi_task.o [1]
  .rodata             const    0x0802e614     0x24  wifi_task.o [1]
  .rodata             const    0x0802e638     0x24  wifi_task.o [1]
  .rodata             const    0x0802e65c     0x24  wifi_task.o [1]
  .rodata             const    0x0802e680     0x24  wifi_task.o [1]
  .rodata             const    0x0802e6a4     0x24  wifi_task.o [1]
  .rodata             const    0x0802e6c8     0x24  wifi_task.o [1]
  .rodata             const    0x0802e6ec     0x24  wifi_task.o [1]
  .text               ro code  0x0802e710     0x22  fpinit_M.o [4]
  .iar.init_table     const    0x0802e734     0x20  - Linker created -
  .rodata             const    0x0802e754     0x20  camera_task.o [1]
  .rodata             const    0x0802e774     0x20  client_task.o [1]
  .rodata             const    0x0802e794     0x20  client_task.o [1]
  .rodata             const    0x0802e7b4     0x20  client_task.o [1]
  .rodata             const    0x0802e7d4     0x20  client_task.o [1]
  .rodata             const    0x0802e7f4     0x20  client_task.o [1]
  .rodata             const    0x0802e814     0x20  motor_task.o [1]
  .rodata             const    0x0802e834     0x20  motor_task.o [1]
  .rodata             const    0x0802e854     0x20  motor_task.o [1]
  .rodata             const    0x0802e874     0x20  motor_task.o [1]
  .rodata             const    0x0802e894     0x20  motor_task.o [1]
  .rodata             const    0x0802e8b4     0x20  wifi_task.o [1]
  .rodata             const    0x0802e8d4     0x20  wifi_task.o [1]
  .rodata             const    0x0802e8f4     0x20  wifi_task.o [1]
  .rodata             const    0x0802e914     0x20  wifi_task.o [1]
  .rodata             const    0x0802e934     0x20  wifi_task.o [1]
  .rodata             const    0x0802e954     0x20  wifi_task.o [1]
  .rodata             const    0x0802e974     0x20  wifi_task.o [1]
  .rodata             const    0x0802e994     0x20  wifi_task.o [1]
  .rodata             const    0x0802e9b4     0x20  wifi_task.o [1]
  .rodata             const    0x0802e9d4     0x20  wifi_task.o [1]
  .rodata             const    0x0802e9f4     0x20  wifi_task.o [1]
  .rodata             const    0x0802ea14     0x1c  camera_task.o [1]
  .rodata             const    0x0802ea30     0x1c  camera_task.o [1]
  .rodata             const    0x0802ea4c     0x1c  camera_task.o [1]
  .rodata             const    0x0802ea68     0x1c  client_task.o [1]
  .rodata             const    0x0802ea84     0x1c  client_task.o [1]
  .rodata             const    0x0802eaa0     0x1c  client_task.o [1]
  .rodata             const    0x0802eabc     0x1c  client_task.o [1]
  .rodata             const    0x0802ead8     0x1c  client_task.o [1]
  .rodata             const    0x0802eaf4     0x1c  client_task.o [1]
  .rodata             const    0x0802eb10     0x1c  client_task.o [1]
  .rodata             const    0x0802eb2c     0x1c  client_task.o [1]
  .rodata             const    0x0802eb48     0x1c  client_task.o [1]
  .rodata             const    0x0802eb64     0x1c  client_task.o [1]
  .rodata             const    0x0802eb80     0x1c  client_task.o [1]
  .rodata             const    0x0802eb9c     0x1c  motor_task.o [1]
  .rodata             const    0x0802ebb8     0x1c  wifi_task.o [1]
  .rodata             const    0x0802ebd4     0x1c  wifi_task.o [1]
  .rodata             const    0x0802ebf0     0x1c  wifi_task.o [1]
  .rodata             const    0x0802ec0c     0x1c  wifi_task.o [1]
  .rodata             const    0x0802ec28     0x1c  wifi_task.o [1]
  .rodata             const    0x0802ec44     0x1c  wifi_task.o [1]
  .rodata             const    0x0802ec60     0x1c  wifi_task.o [1]
  .rodata             const    0x0802ec7c     0x1c  wifi_task.o [1]
  .rodata             const    0x0802ec98     0x1c  wifi_task.o [1]
  .rodata             const    0x0802ecb4     0x1c  wifi_task.o [1]
  .text               ro code  0x0802ecd0     0x1a  cmain.o [5]
  .text               ro code  0x0802ecea      0x4  low_level_init.o [3]
  .text               ro code  0x0802ecee      0x4  exit.o [3]
  .text               ro code  0x0802ecf4      0xa  cexit.o [5]
  .text               ro code  0x0802ed00     0x14  exit.o [6]
  .rodata             const    0x0802ed14     0x18  camera_task.o [1]
  .rodata             const    0x0802ed2c     0x18  camera_task.o [1]
  .rodata             const    0x0802ed44     0x18  camera_task.o [1]
  .rodata             const    0x0802ed5c     0x18  camera_task.o [1]
  .rodata             const    0x0802ed74     0x18  client_task.o [1]
  .rodata             const    0x0802ed8c     0x18  client_task.o [1]
  .rodata             const    0x0802eda4     0x18  client_task.o [1]
  .rodata             const    0x0802edbc     0x18  client_task.o [1]
  .rodata             const    0x0802edd4     0x18  client_task.o [1]
  .rodata             const    0x0802edec     0x18  client_task.o [1]
  .rodata             const    0x0802ee04     0x18  client_task.o [1]
  .rodata             const    0x0802ee1c     0x18  debug_task.o [1]
  .rodata             const    0x0802ee34     0x18  debug_task.o [1]
  .rodata             const    0x0802ee4c     0x18  display_task.o [1]
  .rodata             const    0x0802ee64     0x18  main.o [1]
  .rodata             const    0x0802ee7c     0x18  wifi_task.o [1]
  .rodata             const    0x0802ee94     0x18  wifi_task.o [1]
  .rodata             const    0x0802eeac     0x18  wifi_task.o [1]
  .rodata             const    0x0802eec4     0x18  wifi_task.o [1]
  .rodata             const    0x0802eedc     0x18  wifi_task.o [1]
  .rodata             const    0x0802eef4     0x18  wifi_task.o [1]
  .rodata             const    0x0802ef0c     0x18  wifi_task.o [1]
  .rodata             const    0x0802ef24     0x18  wifi_task.o [1]
  .rodata             const    0x0802ef3c     0x14  camera_task.o [1]
  .rodata             const    0x0802ef50     0x14  camera_task.o [1]
  .rodata             const    0x0802ef64     0x14  camera_task.o [1]
  .rodata             const    0x0802ef78     0x14  client_task.o [1]
  .rodata             const    0x0802ef8c     0x14  client_task.o [1]
  .rodata             const    0x0802efa0     0x14  client_task.o [1]
  .rodata             const    0x0802efb4     0x14  client_task.o [1]
  .rodata             const    0x0802efc8     0x14  client_task.o [1]
  .rodata             const    0x0802efdc     0x14  debug_task.o [1]
  .rodata             const    0x0802eff0     0x14  display_task.o [1]
  .rodata             const    0x0802f004     0x14  display_task.o [1]
  .rodata             const    0x0802f018     0x14  main.o [1]
  .rodata             const    0x0802f02c     0x14  motor_task.o [1]
  .rodata             const    0x0802f040     0x14  ov7670.o [1]
  .rodata             const    0x0802f054     0x14  wifi_task.o [1]
  .rodata             const    0x0802f068     0x14  wifi_task.o [1]
  .rodata             const    0x0802f07c     0x14  wifi_task.o [1]
  .rodata             const    0x0802f090     0x14  wifi_task.o [1]
  .rodata             const    0x0802f0a4     0x14  wifi_task.o [1]
  .rodata             const    0x0802f0b8     0x14  wifi_task.o [1]
  .rodata             const    0x0802f0cc     0x14  wifi_task.o [1]
  .rodata             const    0x0802f0e0     0x14  wifi_task.o [1]
  .rodata             const    0x0802f0f4     0x10  client_task.o [1]
  .rodata             const    0x0802f104     0x10  client_task.o [1]
  .rodata             const    0x0802f114     0x10  client_task.o [1]
  .rodata             const    0x0802f124     0x10  display_task.o [1]
  .rodata             const    0x0802f134     0x10  ov7670.o [1]
  .rodata             const    0x0802f144     0x10  system_stm32f4xx.o [1]
  .rodata             const    0x0802f154     0x10  wifi_task.o [1]
  .rodata             const    0x0802f164     0x10  wifi_task.o [1]
  .rodata             const    0x0802f174     0x10  wifi_task.o [1]
  .rodata             const    0x0802f184     0x10  wifi_task.o [1]
  .rodata             const    0x0802f194     0x10  wifi_task.o [1]
  .rodata             const    0x0802f1a4     0x10  wifi_task.o [1]
  .rodata             const    0x0802f1b4     0x10  wifi_task.o [1]
  .rodata             const    0x0802f1c4     0x10  wifi_task.o [1]
  .rodata             const    0x0802f1d4     0x10  wifi_task.o [1]
  .rodata             const    0x0802f1e4     0x10  wifi_task.o [1]
  .rodata             const    0x0802f1f4     0x10  wifi_task.o [1]
  .rodata             const    0x0802f204     0x10  wifi_task.o [1]
  .rodata             const    0x0802f214     0x10  wifi_task.o [1]
  .text               ro code  0x0802f224     0x10  startup_stm32f437xx.o [1]
  .rodata             const    0x0802f234      0xc  client_task.o [1]
  .rodata             const    0x0802f240      0xc  client_task.o [1]
  .rodata             const    0x0802f24c      0xc  debug_task.o [1]
  .rodata             const    0x0802f258      0xc  debug_task.o [1]
  .rodata             const    0x0802f264      0xc  main.o [1]
  .rodata             const    0x0802f270      0xc  wifi_task.o [1]
  .rodata             const    0x0802f27c      0xc  wifi_task.o [1]
  .rodata             const    0x0802f288      0xc  wifi_task.o [1]
  .rodata             const    0x0802f294      0xc  wifi_task.o [1]
  .rodata             const    0x0802f2a0      0xc  wifi_task.o [1]
  .rodata             const    0x0802f2ac      0xc  wifi_task.o [1]
  .rodata             const    0x0802f2b8      0xc  wifi_task.o [1]
  .rodata             const    0x0802f2c4      0xc  wifi_task.o [1]
  .text               ro code  0x0802f2d0      0xc  cstartup_M.o [5]
  .rodata             const    0x0802f2dc      0x8  main.o [1]
  .rodata             const    0x0802f2e4      0x8  main.o [1]
  .rodata             const    0x0802f2ec      0x8  main.o [1]
  .rodata             const    0x0802f2f4      0x8  main.o [1]
  .rodata             const    0x0802f2fc      0x8  main.o [1]
  .rodata             const    0x0802f304      0x8  main.o [1]
  .rodata             const    0x0802f30c      0x8  main.o [1]
  .rodata             const    0x0802f314      0x8  stm32f4xx_hal_dma.o [1]
  .rodata             const    0x0802f31c      0x8  system_stm32f4xx.o [1]
  .rodata             const    0x0802f324      0x8  tasks.o [1]
  .rodata             const    0x0802f32c      0x8  timers.o [1]
  .rodata             const    0x0802f334      0x8  timers.o [1]
  .rodata             const    0x0802f33c      0x8  wifi_task.o [1]
  .rodata             const    0x0802f344      0x8  wifi_task.o [1]
  .rodata             const    0x0802f34c      0x8  wifi_task.o [1]
  .rodata             const    0x0802f354      0x8  wifi_task.o [1]
  .rodata             const    0x0802f35c      0x8  wifi_task.o [1]
  .rodata             const    0x0802f364      0x8  wifi_task.o [1]
  .rodata             const    0x0802f36c      0x8  wifi_task.o [1]
  .rodata             const    0x0802f374      0x4  heap_4.o [1]
  .rodata             const    0x0802f378      0x4  port.o [1]
  .rodata             const    0x0802f37c      0x4  wifi_task.o [1]
  .rodata             const    0x0802f380      0x4  wifi_task.o [1]
  .rodata             const    0x0802f384      0x4  wifi_task.o [1]
  .rodata             const    0x0802f388      0x4  wifi_task.o [1]
  .rodata             const    0x0802f38c      0x4  wifi_task.o [1]
  .rodata             const    0x0802f390      0x4  wifi_task.o [1]
  .rodata             const    0x0802f394      0x4  wifi_task.o [1]
  .rodata             const    0x0802f398      0x4  wifi_task.o [1]
  .rodata             const    0x0802f39c      0x4  wifi_task.o [1]
  .rodata             const    0x0802f3a0      0x4  wifi_task.o [1]
  .rodata             const    0x0802f3a4      0x4  wifi_task.o [1]
  .rodata             const    0x0802f3a8      0x4  wifi_task.o [1]
  .rodata             const    0x0802f3ac      0x4  wifi_task.o [1]
  .rodata             const    0x0802f3b0      0x4  wifi_task.o [1]
  .rodata             const    0x0802f3b4      0x4  wifi_task.o [1]
  .rodata             const    0x0802f3b8      0x4  wifi_task.o [1]
  .text               ro code  0x0802f3bc      0x4  startup_stm32f437xx.o [1]
  .text               ro code  0x0802f3c0      0x4  startup_stm32f437xx.o [1]
  .text               ro code  0x0802f3c4      0x4  startup_stm32f437xx.o [1]
  .text               ro code  0x0802f3c8      0x4  startup_stm32f437xx.o [1]
  .text               ro code  0x0802f3cc      0x4  startup_stm32f437xx.o [1]
  .text               ro code  0x0802f3d0      0x4  startup_stm32f437xx.o [1]
  .text               ro code  0x0802f3d4      0x4  startup_stm32f437xx.o [1]
  .text               ro code  0x0802f3d8      0x4  startup_stm32f437xx.o [1]
  .text               ro code  0x0802f3dc      0x4  startup_stm32f437xx.o [1]
  .text               ro code  0x0802f3e0      0x4  startup_stm32f437xx.o [1]
  .text               ro code  0x0802f3e4      0x4  startup_stm32f437xx.o [1]
  .text               ro code  0x0802f3e8      0x4  startup_stm32f437xx.o [1]
  .text               ro code  0x0802f3ec      0x4  startup_stm32f437xx.o [1]
  .text               ro code  0x0802f3f0      0x4  startup_stm32f437xx.o [1]
  .text               ro code  0x0802f3f4      0x4  startup_stm32f437xx.o [1]
  .text               ro code  0x0802f3f8      0x4  startup_stm32f437xx.o [1]
  .text               ro code  0x0802f3fc      0x4  startup_stm32f437xx.o [1]
  .text               ro code  0x0802f400      0x4  startup_stm32f437xx.o [1]
  .text               ro code  0x0802f404      0x4  startup_stm32f437xx.o [1]
  .text               ro code  0x0802f408      0x4  startup_stm32f437xx.o [1]
  .text               ro code  0x0802f40c      0x4  startup_stm32f437xx.o [1]
  .text               ro code  0x0802f410      0x4  startup_stm32f437xx.o [1]
  .text               ro code  0x0802f414      0x4  startup_stm32f437xx.o [1]
  .text               ro code  0x0802f418      0x4  startup_stm32f437xx.o [1]
  .text               ro code  0x0802f41c      0x4  startup_stm32f437xx.o [1]
  .text               ro code  0x0802f420      0x4  startup_stm32f437xx.o [1]
  .text               ro code  0x0802f424      0x4  startup_stm32f437xx.o [1]
  .text               ro code  0x0802f428      0x4  startup_stm32f437xx.o [1]
  .text               ro code  0x0802f42c      0x4  startup_stm32f437xx.o [1]
  .text               ro code  0x0802f430      0x4  startup_stm32f437xx.o [1]
  .text               ro code  0x0802f434      0x4  startup_stm32f437xx.o [1]
  .text               ro code  0x0802f438      0x4  startup_stm32f437xx.o [1]
  .text               ro code  0x0802f43c      0x4  startup_stm32f437xx.o [1]
  .text               ro code  0x0802f440      0x4  startup_stm32f437xx.o [1]
  .text               ro code  0x0802f444      0x4  startup_stm32f437xx.o [1]
  .text               ro code  0x0802f448      0x4  startup_stm32f437xx.o [1]
  .text               ro code  0x0802f44c      0x4  startup_stm32f437xx.o [1]
  .text               ro code  0x0802f450      0x4  startup_stm32f437xx.o [1]
  .text               ro code  0x0802f454      0x4  startup_stm32f437xx.o [1]
  .text               ro code  0x0802f458      0x4  startup_stm32f437xx.o [1]
  .text               ro code  0x0802f45c      0x4  startup_stm32f437xx.o [1]
  .text               ro code  0x0802f460      0x4  startup_stm32f437xx.o [1]
  .text               ro code  0x0802f464      0x4  startup_stm32f437xx.o [1]
  .text               ro code  0x0802f468      0x4  startup_stm32f437xx.o [1]
  .text               ro code  0x0802f46c      0x4  startup_stm32f437xx.o [1]
  .text               ro code  0x0802f470      0x4  startup_stm32f437xx.o [1]
  .text               ro code  0x0802f474      0x4  startup_stm32f437xx.o [1]
  .text               ro code  0x0802f478      0x4  startup_stm32f437xx.o [1]
  .text               ro code  0x0802f47c      0x4  startup_stm32f437xx.o [1]
  .text               ro code  0x0802f480      0x4  startup_stm32f437xx.o [1]
  .text               ro code  0x0802f484      0x4  startup_stm32f437xx.o [1]
  .text               ro code  0x0802f488      0x4  startup_stm32f437xx.o [1]
  .text               ro code  0x0802f48c      0x4  startup_stm32f437xx.o [1]
  .text               ro code  0x0802f490      0x4  startup_stm32f437xx.o [1]
  .text               ro code  0x0802f494      0x4  startup_stm32f437xx.o [1]
  .text               ro code  0x0802f498      0x4  startup_stm32f437xx.o [1]
  .text               ro code  0x0802f49c      0x4  startup_stm32f437xx.o [1]
  .text               ro code  0x0802f4a0      0x4  startup_stm32f437xx.o [1]
  .text               ro code  0x0802f4a4      0x4  startup_stm32f437xx.o [1]
  .text               ro code  0x0802f4a8      0x4  startup_stm32f437xx.o [1]
  .text               ro code  0x0802f4ac      0x4  startup_stm32f437xx.o [1]
  .text               ro code  0x0802f4b0      0x4  startup_stm32f437xx.o [1]
  .text               ro code  0x0802f4b4      0x4  startup_stm32f437xx.o [1]
  .text               ro code  0x0802f4b8      0x4  startup_stm32f437xx.o [1]
  .text               ro code  0x0802f4bc      0x4  startup_stm32f437xx.o [1]
  .text               ro code  0x0802f4c0      0x4  startup_stm32f437xx.o [1]
  .text               ro code  0x0802f4c4      0x4  startup_stm32f437xx.o [1]
  .text               ro code  0x0802f4c8      0x4  startup_stm32f437xx.o [1]
  .text               ro code  0x0802f4cc      0x4  startup_stm32f437xx.o [1]
  .text               ro code  0x0802f4d0      0x4  startup_stm32f437xx.o [1]
  .text               ro code  0x0802f4d4      0x4  startup_stm32f437xx.o [1]
  .text               ro code  0x0802f4d8      0x4  startup_stm32f437xx.o [1]
  .text               ro code  0x0802f4dc      0x4  startup_stm32f437xx.o [1]
  .text               ro code  0x0802f4e0      0x4  startup_stm32f437xx.o [1]
  .text               ro code  0x0802f4e4      0x4  startup_stm32f437xx.o [1]
  .text               ro code  0x0802f4e8      0x4  startup_stm32f437xx.o [1]
  .text               ro code  0x0802f4ec      0x4  startup_stm32f437xx.o [1]
  .text               ro code  0x0802f4f0      0x4  startup_stm32f437xx.o [1]
  .text               ro code  0x0802f4f4      0x4  startup_stm32f437xx.o [1]
  .text               ro code  0x0802f4f8      0x4  startup_stm32f437xx.o [1]
  .rodata             const    0x0802f4fc      0x0  zero_init3.o [5]
  .rodata             const    0x0802f4fc      0x0  packbits_init_single.o [5]
  Initializer bytes   const    0x0802f4fc     0x17  <for P2-1>
                             - 0x0802f513   0xf367

"P2", part 1 of 3:                           0x10d
  P2-1                         0x20000000    0x10d  <Init block>
    .data             inited   0x20000000      0x4  port.o [1]
    .data             inited   0x20000004      0x4  system_stm32f4xx.o [1]
    .data             inited   0x20000008      0x8  XShttio.o [3]
    __DLIB_PERTHREAD  inited   0x20000010     0x88  localeconv.o [3]
    __DLIB_PERTHREAD  inited   0x20000098     0x74  setlocale.o [3]
    .data             inited   0x2000010c      0x1  wifi_task.o [1]
                             - 0x2000010d    0x10d

"P2", part 2 of 3:                           0x600
  CSTACK                       0x20000110    0x400  <Block>
    CSTACK            uninit   0x20000110    0x400  <Block tail>
  HEAP                         0x20000510    0x200  <Block>
    HEAP              uninit   0x20000510    0x200  <Block tail>
                             - 0x20000710    0x600

"P2", part 3 of 3:                         0x19344
  .bss                zero     0x20000710  0x14034  camera_task.o [1]
  .bss                zero     0x20014744   0x4650  heap_4.o [1]
  .bss                zero     0x20018d94    0x3f8  wifi_task.o [1]
  .bss                zero     0x2001918c    0x10c  memory.o [1]
  .bss                zero     0x20019298     0xc8  tasks.o [1]
  .bss                zero     0x20019360     0x80  wifi_task.o [1]
  .bss                zero     0x200193e0     0x80  wifi_task.o [1]
  .bss                zero     0x20019460     0x60  main.o [1]
  .bss                zero     0x200194c0     0x60  main.o [1]
  .bss                zero     0x20019520     0x60  main.o [1]
  .bss                zero     0x20019580     0x54  main.o [1]
  .bss                zero     0x200195d4     0x40  main.o [1]
  .bss                zero     0x20019614     0x40  main.o [1]
  .bss                zero     0x20019654     0x40  main.o [1]
  .bss                zero     0x20019694     0x40  queue.o [1]
  .bss                zero     0x200196d4     0x3c  main.o [1]
  .bss                zero     0x20019710     0x3c  main.o [1]
  .bss                zero     0x2001974c     0x3c  main.o [1]
  .bss                zero     0x20019788     0x3c  stm32f4xx_hal_timebase_TIM.o [1]
  .bss                zero     0x200197c4     0x34  camera_task.o [1]
  .bss                zero     0x200197f8     0x34  wifi_task.o [1]
  .bss                zero     0x2001982c     0x20  main.o [1]
  .bss                zero     0x2001984c     0x20  motor_task.o [1]
  .bss                zero     0x2001986c     0x20  stm32f4xx_hal_flash.o [1]
  .bss                zero     0x2001988c     0x18  memory.o [1]
  .bss                zero     0x200198a4     0x14  main.o [1]
  .bss                zero     0x200198b8     0x14  tasks.o [1]
  .bss                zero     0x200198cc     0x14  tasks.o [1]
  .bss                zero     0x200198e0     0x14  tasks.o [1]
  .bss                zero     0x200198f4     0x14  tasks.o [1]
  .bss                zero     0x20019908     0x14  tasks.o [1]
  .bss                zero     0x2001991c     0x14  timers.o [1]
  .bss                zero     0x20019930     0x14  timers.o [1]
  .bss                zero     0x20019944     0x14  wifi_task.o [1]
  .bss                zero     0x20019958     0x10  wifi_task.o [1]
  .bss                zero     0x20019968      0xc  client_task.o [1]
  .bss                zero     0x20019974      0xc  client_task.o [1]
  .bss                zero     0x20019980      0xc  client_task.o [1]
  .bss                zero     0x2001998c      0x8  heap_4.o [1]
  .bss                zero     0x20019994      0x8  wifi_task.o [1]
  .bss                zero     0x2001999c      0x8  xxmemxmalloc.o [3]
  .bss                zero     0x200199a4      0x4  camera_task.o [1]
  .bss                zero     0x200199a8      0x4  client_task.o [1]
  .bss                zero     0x200199ac      0x4  client_task.o [1]
  .bss                zero     0x200199b0      0x4  debug_task.o [1]
  .bss                zero     0x200199b4      0x4  debug_task.o [1]
  .bss                zero     0x200199b8      0x4  debug_task.o [1]
  .bss                zero     0x200199bc      0x4  debug_task.o [1]
  .bss                zero     0x200199c0      0x4  delay.o [1]
  .bss                zero     0x200199c4      0x4  display_task.o [1]
  .bss                zero     0x200199c8      0x4  heap_4.o [1]
  .bss                zero     0x200199cc      0x4  heap_4.o [1]
  .bss                zero     0x200199d0      0x4  heap_4.o [1]
  .bss                zero     0x200199d4      0x4  heap_4.o [1]
  .bss                zero     0x200199d8      0x4  main.o [1]
  .bss                zero     0x200199dc      0x4  main.o [1]
  .bss                zero     0x200199e0      0x4  port.o [1]
  .bss                zero     0x200199e4      0x4  stm32f4xx_hal.o [1]
  .bss                zero     0x200199e8      0x4  tasks.o [1]
  .bss                zero     0x200199ec      0x4  tasks.o [1]
  .bss                zero     0x200199f0      0x4  tasks.o [1]
  .bss                zero     0x200199f4      0x4  tasks.o [1]
  .bss                zero     0x200199f8      0x4  tasks.o [1]
  .bss                zero     0x200199fc      0x4  tasks.o [1]
  .bss                zero     0x20019a00      0x4  tasks.o [1]
  .bss                zero     0x20019a04      0x4  tasks.o [1]
  .bss                zero     0x20019a08      0x4  tasks.o [1]
  .bss                zero     0x20019a0c      0x4  tasks.o [1]
  .bss                zero     0x20019a10      0x4  tasks.o [1]
  .bss                zero     0x20019a14      0x4  tasks.o [1]
  .bss                zero     0x20019a18      0x4  tasks.o [1]
  .bss                zero     0x20019a1c      0x4  tasks.o [1]
  .bss                zero     0x20019a20      0x4  tasks.o [1]
  .bss                zero     0x20019a24      0x4  timers.o [1]
  .bss                zero     0x20019a28      0x4  timers.o [1]
  .bss                zero     0x20019a2c      0x4  timers.o [1]
  .bss                zero     0x20019a30      0x4  timers.o [1]
  .bss                zero     0x20019a34      0x4  timers.o [1]
  .bss                zero     0x20019a38      0x4  wifi_task.o [1]
  .bss                zero     0x20019a3c      0x4  xgetmemchunk.o [3]
  .bss                zero     0x20019a40      0x2  delay.o [1]
  .bss                zero     0x20019a42      0x2  wifi_task.o [1]
  .bss                zero     0x20019a44      0x2  wifi_task.o [1]
  .bss                zero     0x20019a46      0x2  wifi_task.o [1]
  .bss                zero     0x20019a48      0x2  wifi_task.o [1]
  .bss                zero     0x20019a4a      0x1  port.o [1]
  .bss                zero     0x20019a4b      0x1  wifi_task.o [1]
  .bss                zero     0x20019a4c      0x1  wifi_task.o [1]
  .bss                zero     0x20019a4d      0x1  wifi_task.o [1]
  .bss                zero     0x20019a4e      0x1  wifi_task.o [1]
  .bss                zero     0x20019a4f      0x1  wifi_task.o [1]
  .bss                zero     0x20019a50      0x1  wifi_task.o [1]
                             - 0x20019a51  0x19341


*******************************************************************************
*** INIT TABLE
***

          Address     Size
          -------     ----
Zero (__iar_zero_init3)
    1 destination range, total size 0x19341:
          0x20000710  0x19341

Copy/packbits (__iar_packbits_init_single3)
    1 source range, total size 0x17 (8% of destination):
          0x0802f4fc     0x17
    1 destination range, total size 0x10d:
          0x20000000    0x10d



*******************************************************************************
*** MODULE SUMMARY
***

    Module                        ro code  ro data  rw data
    ------                        -------  -------  -------
D:\WiFi_Camera_Prj\WiFi_Camera_Firmware\EWARM\WiFi_Camera\Obj: [1]
    camera_task.o                   1 060      348   82 028
    client_task.o                   3 792      880       44
    cmsis_os.o                        118
    debug_task.o                      376       92       16
    delay.o                            74                 6
    display_task.o                    188       80        4
    event_groups.o                    536
    freertos.o                          4
    heap_4.o                          548        4   18 024
    lcd_driver.o                      516
    list.o                            158
    main.o                          2 482      164      804
    memory.o                        1 312               292
    motor_task.o                    1 892      280       32
    ov7670.o                          496      972
    port.o                            396        4        9
    portasm.o                         168
    queue.o                         1 556                64
    sccb.o                            430
    startup_stm32f437xx.o             764
    stm32f4xx_hal.o                   122                 4
    stm32f4xx_hal_cortex.o            428
    stm32f4xx_hal_dcmi.o              774
    stm32f4xx_hal_dcmi_ex.o           162
    stm32f4xx_hal_dma.o             1 480        8
    stm32f4xx_hal_dma_ex.o          4 316
    stm32f4xx_hal_flash.o             636                32
    stm32f4xx_hal_flash_ex.o          568
    stm32f4xx_hal_gpio.o            1 000
    stm32f4xx_hal_i2c.o               304
    stm32f4xx_hal_msp.o             1 588       64
    stm32f4xx_hal_pwr_ex.o            148
    stm32f4xx_hal_rcc.o             1 684
    stm32f4xx_hal_rcc_ex.o            760
    stm32f4xx_hal_rtc.o             1 074
    stm32f4xx_hal_rtc_ex.o             38
    stm32f4xx_hal_tim.o             2 314
    stm32f4xx_hal_tim_ex.o             94
    stm32f4xx_hal_timebase_TIM.o      152                60
    stm32f4xx_hal_uart.o            2 670
    stm32f4xx_it.o                    156
    system_stm32f4xx.o                112       24        4
    tasks.o                         2 692        8      360
    timers.o                        1 148       16       60
    wifi_task.o                     7 484    2 461    1 387
    -------------------------------------------------------
    Total:                         48 770    5 405  103 230

command line: [2]
    -------------------------------------------------------
    Total:

dl7M_tlf.a: [3]
    XShttio.o                           8        1        8
    div.o                              14
    exit.o                              4
    localeconv.o                      108       11      136
    low_level_init.o                    4
    setlocale.o                        20       10      116
    sprintf.o                          52
    xencoding_sb.o                     96
    xgetmemchunk.o                     44                 4
    xmbcurmax.o                        10
    xmbtowc.o                          32
    xprintffull.o                   4 506
    xsprout.o                          10
    xtls.o                              2
    xwctomb.o                          26
    xxmemxfree.o                      128
    xxmemxmalloc.o                    176                 8
    -------------------------------------------------------
    Total:                          5 240       22      272

m7M_tls.a: [4]
    DblAdd.o                          212
    DblCmpGe.o                         46
    DblCmpLe.o                         46
    DblDiv.o                          598
    DblMul.o                          418
    DblSub.o                          384
    DblToI32.o                         88
    I32ToDbl.o                         48
    fpinit_M.o                         34
    xdnorm.o                           68
    xdscale.o                         276
    -------------------------------------------------------
    Total:                          2 218

rt7M_tl.a: [5]
    ABImemcpy_unaligned.o             118
    ABImemset.o                       102
    I64DivMod.o                       238
    I64DivZer.o                         2
    cexit.o                            10
    cmain.o                            26
    cstartup_M.o                       12
    data_init.o                        40
    memchr.o                           88
    memcmp_unaligned.o                 98
    packbits_init_single.o             56
    strchr.o                           22
    strlen.o                           54
    zero_init3.o                       64
    -------------------------------------------------------
    Total:                            930

shb_l.a: [6]
    exit.o                             20
    iarttio.o                          48
    -------------------------------------------------------
    Total:                             68

    Gaps                               52        2
    Linker created                              32    1 536
-----------------------------------------------------------
    Grand Total:                   57 278    5 461  105 038


*******************************************************************************
*** ENTRY LIST
***

Entry                      Address     Size  Type      Object
-----                      -------     ----  ----      ------
.iar.init_table$$Base   0x0802e734            --   Gb  - Linker created -
.iar.init_table$$Limit  0x0802e754            --   Gb  - Linker created -
?main                   0x0802ecd1           Code  Gb  cmain.o [5]
AHBPrescTable           0x0802f144     0x10  Data  Gb  system_stm32f4xx.o [1]
APBPrescTable           0x0802f31c      0x8  Data  Gb  system_stm32f4xx.o [1]
BusFault_Handler        0x0802dd9b      0x2  Code  Gb  stm32f4xx_it.o [1]
CRC16_CCITT             0x08024575     0x66  Code  Gb  memory.o [1]
CSTACK$$Base            0x20000110            --   Gb  - Linker created -
CSTACK$$Limit           0x20000510            --   Gb  - Linker created -
Camera_DCMI_Init        0x0802d135     0x4e  Code  Gb  camera_task.o [1]
Camera_PhotoTask        0x0802ce45    0x1d2  Code  Gb  camera_task.o [1]
Camera_SaveTask         0x0802d017    0x11e  Code  Gb  camera_task.o [1]
Client_CommTask         0x0802312d     0x68  Code  Gb  client_task.o [1]
Client_DataAnalyzer     0x08023195    0x136  Code  Gb  client_task.o [1]
Client_FactoryNew       0x08023ead     0x6e  Code  Gb  client_task.o [1]
Client_FeedbackError    0x08023f27      0xc  Code  Gb  client_task.o [1]
Client_FeedbackOK       0x08023f1b      0xc  Code  Gb  client_task.o [1]
Client_GetCameraImage   0x0802350d     0x20  Code  Gb  client_task.o [1]
Client_GetFirmwareVersion
                        0x080235a1     0x4a  Code  Gb  client_task.o [1]
Client_GetID            0x080235eb     0x66  Code  Gb  client_task.o [1]
Client_GetMacAddress    0x080234ad     0x60  Code  Gb  client_task.o [1]
Client_GetState         0x0802352d     0x74  Code  Gb  client_task.o [1]
Client_OtaBinData       0x08023d41     0xd4  Code  Gb  client_task.o [1]
Client_OtaUpdateRequest
                        0x08023c77     0xb8  Code  Gb  client_task.o [1]
Client_OtaVerify        0x08023e19     0x8c  Code  Gb  client_task.o [1]
Client_RequestHandler   0x080232cb     0xda  Code  Gb  client_task.o [1]
Client_RespondHandler   0x080233a5    0x108  Code  Gb  client_task.o [1]
Client_SetMotor         0x0802399b     0x94  Code  Gb  client_task.o [1]
Client_SetSchedule      0x08023af5    0x182  Code  Gb  client_task.o [1]
Client_SetTime          0x08023a2f     0xc6  Code  Gb  client_task.o [1]
Client_SetWebAccount    0x08023651    0x20e  Code  Gb  client_task.o [1]
Client_SetWifi          0x0802385f    0x13c  Code  Gb  client_task.o [1]
DBG_PrintFreeHeapSize   0x0802300b     0x4c  Code  Gb  debug_task.o [1]
DBG_PrintFreeHeapSize::pre_free_size
                        0x200199b8      0x4  Data  Lc  debug_task.o [1]
DBG_PrintFreeHeapSize::pre_mini_size
                        0x200199bc      0x4  Data  Lc  debug_task.o [1]
DBG_PrintMessage        0x080230a3     0x2e  Code  Gb  debug_task.o [1]
DBG_PrintTask           0x08022f81     0x80  Code  Gb  debug_task.o [1]
DBG_SendMessage         0x08023057     0x4c  Code  Gb  debug_task.o [1]
DCMI_DMAError           0x0802d73d     0x1c  Code  Lc  stm32f4xx_hal_dcmi.o [1]
DCMI_DMAXferCplt        0x0802d67d     0xc0  Code  Lc  stm32f4xx_hal_dcmi.o [1]
DCMI_IRQHandler         0x0802ddff      0xa  Code  Gb  stm32f4xx_it.o [1]
DMA2_Stream1_IRQHandler
                        0x0802dde1      0xa  Code  Gb  stm32f4xx_it.o [1]
DMA2_Stream2_IRQHandler
                        0x0802ddeb      0xa  Code  Gb  stm32f4xx_it.o [1]
DMA2_Stream7_IRQHandler
                        0x0802ddf5      0xa  Code  Gb  stm32f4xx_it.o [1]
DMA_CalcBaseAndBitshift
                        0x08028d3f     0x30  Code  Lc  stm32f4xx_hal_dma.o [1]
DMA_CalcBaseAndBitshift::flagBitshiftOffset
                        0x0802f314      0x8  Data  Lc  stm32f4xx_hal_dma.o [1]
DMA_CheckFifoParam      0x08028d85     0x9c  Code  Lc  stm32f4xx_hal_dma.o [1]
DMA_MultiBufferSetConfig
                        0x0802ce23     0x22  Code  Lc  stm32f4xx_hal_dma_ex.o [1]
DMA_SetConfig           0x08028d11     0x2e  Code  Lc  stm32f4xx_hal_dma.o [1]
DebugMon_Handler        0x0802dd9f      0x2  Code  Gb  stm32f4xx_it.o [1]
Disp_ShowTask           0x0802dcd9     0xbc  Code  Gb  display_task.o [1]
FLASH_Erase_Sector      0x080280df     0x98  Code  Gb  stm32f4xx_hal_flash_ex.o [1]
FLASH_FlushCaches       0x08028177     0x72  Code  Gb  stm32f4xx_hal_flash_ex.o [1]
FLASH_MassErase         0x08028077     0x68  Code  Lc  stm32f4xx_hal_flash_ex.o [1]
FLASH_Program_Byte      0x08027ee3     0x24  Code  Lc  stm32f4xx_hal_flash.o [1]
FLASH_Program_DoubleWord
                        0x08027e63     0x30  Code  Lc  stm32f4xx_hal_flash.o [1]
FLASH_Program_HalfWord  0x08027ebb     0x28  Code  Lc  stm32f4xx_hal_flash.o [1]
FLASH_Program_Word      0x08027e93     0x28  Code  Lc  stm32f4xx_hal_flash.o [1]
FLASH_SetErrorCode      0x08027f07     0xa0  Code  Lc  stm32f4xx_hal_flash.o [1]
FLASH_WaitForLastOperation
                        0x08027e0d     0x56  Code  Gb  stm32f4xx_hal_flash.o [1]
GPIO_in                 0x0802d92f     0x24  Code  Gb  sccb.o [1]
GPIO_out                0x0802d90b     0x24  Code  Gb  sccb.o [1]
HAL_DCMI_DeInit         0x0802d459     0x1e  Code  Gb  stm32f4xx_hal_dcmi.o [1]
HAL_DCMI_ErrorCallback  0x0802d957      0x2  Code  Wk  stm32f4xx_hal_dcmi.o [1]
HAL_DCMI_FrameEventCallback
                        0x0802d955      0x2  Code  Wk  stm32f4xx_hal_dcmi.o [1]
HAL_DCMI_IRQHandler     0x0802d5dd     0xa0  Code  Gb  stm32f4xx_hal_dcmi.o [1]
HAL_DCMI_Init           0x08029901     0xa2  Code  Gb  stm32f4xx_hal_dcmi_ex.o [1]
HAL_DCMI_LineEventCallback
                        0x0802d953      0x2  Code  Wk  stm32f4xx_hal_dcmi.o [1]
HAL_DCMI_MspDeInit      0x0802840d     0x6c  Code  Gb  stm32f4xx_hal_msp.o [1]
HAL_DCMI_MspInit        0x08028277    0x196  Code  Gb  stm32f4xx_hal_msp.o [1]
HAL_DCMI_Start_DMA      0x0802d477     0xe6  Code  Gb  stm32f4xx_hal_dcmi.o [1]
HAL_DCMI_Stop           0x0802d55d     0x7c  Code  Gb  stm32f4xx_hal_dcmi.o [1]
HAL_DCMI_VsyncEventCallback
                        0x0802d183     0x7c  Code  Gb  camera_task.o [1]
HAL_DMAEx_ChangeMemory  0x0802ce0d     0x16  Code  Gb  stm32f4xx_hal_dma_ex.o [1]
HAL_DMAEx_MultiBufferStart_IT
                        0x0802bd69   0x1050  Code  Gb  stm32f4xx_hal_dma_ex.o [1]
HAL_DMA_Abort           0x08028a43     0x9c  Code  Gb  stm32f4xx_hal_dma.o [1]
HAL_DMA_Abort_IT        0x08028adf     0x28  Code  Gb  stm32f4xx_hal_dma.o [1]
HAL_DMA_DeInit          0x0802893f     0x6c  Code  Gb  stm32f4xx_hal_dma.o [1]
HAL_DMA_IRQHandler      0x08028b07    0x20a  Code  Gb  stm32f4xx_hal_dma.o [1]
HAL_DMA_Init            0x08028859     0xe6  Code  Gb  stm32f4xx_hal_dma.o [1]
HAL_DMA_Start_IT        0x080289ab     0x98  Code  Gb  stm32f4xx_hal_dma.o [1]
HAL_Delay               0x080281f9     0x1e  Code  Wk  stm32f4xx_hal.o [1]
HAL_FLASHEx_Erase       0x08027fc1     0xb6  Code  Gb  stm32f4xx_hal_flash_ex.o [1]
HAL_FLASH_Lock          0x08027dfd     0x10  Code  Gb  stm32f4xx_hal_flash.o [1]
HAL_FLASH_Program       0x08027d45     0x9c  Code  Gb  stm32f4xx_hal_flash.o [1]
HAL_FLASH_Unlock        0x08027de1     0x1c  Code  Gb  stm32f4xx_hal_flash.o [1]
HAL_GPIO_DeInit         0x0802a62b    0x176  Code  Gb  stm32f4xx_hal_gpio.o [1]
HAL_GPIO_Init           0x0802a431    0x1fa  Code  Gb  stm32f4xx_hal_gpio.o [1]
HAL_GPIO_ReadPin        0x0802a7a1     0x18  Code  Gb  stm32f4xx_hal_gpio.o [1]
HAL_GPIO_TogglePin      0x0802a7cd      0xa  Code  Gb  stm32f4xx_hal_gpio.o [1]
HAL_GPIO_WritePin       0x0802a7b9     0x14  Code  Gb  stm32f4xx_hal_gpio.o [1]
HAL_GetTick             0x0802884d      0xc  Code  Wk  stm32f4xx_hal.o [1]
HAL_I2C_Init            0x080299a5    0x128  Code  Gb  stm32f4xx_hal_i2c.o [1]
HAL_I2C_MspInit         0x08028479     0x54  Code  Gb  stm32f4xx_hal_msp.o [1]
HAL_IncTick             0x0802a819     0x10  Code  Wk  stm32f4xx_hal.o [1]
HAL_Init                0x08029109     0x3a  Code  Gb  stm32f4xx_hal.o [1]
HAL_InitTick            0x0802bb45     0x86  Code  Gb  stm32f4xx_hal_timebase_TIM.o [1]
HAL_MspInit             0x08028219     0x5e  Code  Gb  stm32f4xx_hal_msp.o [1]
HAL_NVIC_DisableIRQ     0x0802787d      0xe  Code  Gb  stm32f4xx_hal_cortex.o [1]
HAL_NVIC_EnableIRQ      0x0802786f      0xe  Code  Gb  stm32f4xx_hal_cortex.o [1]
HAL_NVIC_SetPriority    0x08027849     0x26  Code  Gb  stm32f4xx_hal_cortex.o [1]
HAL_NVIC_SetPriorityGrouping
                        0x0802783d      0xc  Code  Gb  stm32f4xx_hal_cortex.o [1]
HAL_NVIC_SystemReset    0x0802788b      0x8  Code  Gb  stm32f4xx_hal_cortex.o [1]
HAL_PWREx_EnableOverDrive
                        0x08029575     0x86  Code  Gb  stm32f4xx_hal_pwr_ex.o [1]
HAL_RCCEx_PeriphCLKConfig
                        0x08029609    0x2c0  Code  Gb  stm32f4xx_hal_rcc_ex.o [1]
HAL_RCC_ClockConfig     0x08028e29    0x190  Code  Gb  stm32f4xx_hal_rcc.o [1]
HAL_RCC_GetClockConfig  0x08028fff     0x3a  Code  Gb  stm32f4xx_hal_rcc.o [1]
HAL_RCC_GetHCLKFreq     0x08028fb9      0x6  Code  Gb  stm32f4xx_hal_rcc.o [1]
HAL_RCC_GetPCLK1Freq    0x08028fbf     0x20  Code  Gb  stm32f4xx_hal_rcc.o [1]
HAL_RCC_GetPCLK2Freq    0x08028fdf     0x20  Code  Gb  stm32f4xx_hal_rcc.o [1]
HAL_RCC_GetSysClockFreq
                        0x08029051     0xb8  Code  Wk  stm32f4xx_hal_rcc.o [1]
HAL_RCC_OscConfig       0x080291c1    0x3b4  Code  Wk  stm32f4xx_hal_rcc.o [1]
HAL_RTCEx_BKUPRead      0x08027d31     0x12  Code  Gb  stm32f4xx_hal_rtc_ex.o [1]
HAL_RTCEx_BKUPWrite     0x08027d1d     0x14  Code  Gb  stm32f4xx_hal_rtc_ex.o [1]
HAL_RTC_GetDate         0x08027c1f     0x50  Code  Gb  stm32f4xx_hal_rtc.o [1]
HAL_RTC_GetTime         0x08027ab5     0x64  Code  Gb  stm32f4xx_hal_rtc.o [1]
HAL_RTC_Init            0x080278e9     0xac  Code  Gb  stm32f4xx_hal_rtc.o [1]
HAL_RTC_MspInit         0x080284cd     0x14  Code  Gb  stm32f4xx_hal_msp.o [1]
HAL_RTC_SetDate         0x08027b19    0x106  Code  Gb  stm32f4xx_hal_rtc.o [1]
HAL_RTC_SetTime         0x08027995    0x120  Code  Gb  stm32f4xx_hal_rtc.o [1]
HAL_RTC_WaitForSynchro  0x08027c7d     0x34  Code  Gb  stm32f4xx_hal_rtc.o [1]
HAL_SYSTICK_CLKSourceConfig
                        0x0802789f     0x20  Code  Gb  stm32f4xx_hal_cortex.o [1]
HAL_SYSTICK_Config      0x08027893      0xc  Code  Gb  stm32f4xx_hal_cortex.o [1]
HAL_TIMEx_BreakCallback
                        0x0802bbe5      0x2  Code  Wk  stm32f4xx_hal_tim_ex.o [1]
HAL_TIMEx_CommutationCallback
                        0x0802bbe9      0x2  Code  Wk  stm32f4xx_hal_tim_ex.o [1]
HAL_TIMEx_MasterConfigSynchronization
                        0x0802a3d5     0x5a  Code  Gb  stm32f4xx_hal_tim_ex.o [1]
HAL_TIM_Base_DeInit     0x08029b0d     0x44  Code  Gb  stm32f4xx_hal_tim.o [1]
HAL_TIM_Base_Init       0x08029ad5     0x38  Code  Gb  stm32f4xx_hal_tim.o [1]
HAL_TIM_Base_MspDeInit  0x080285d1     0x52  Code  Gb  stm32f4xx_hal_msp.o [1]
HAL_TIM_Base_MspInit    0x080284e1     0x9a  Code  Gb  stm32f4xx_hal_msp.o [1]
HAL_TIM_Base_Start_IT   0x08029b51     0x1e  Code  Gb  stm32f4xx_hal_tim.o [1]
HAL_TIM_Base_Stop_IT    0x08029b6f     0x36  Code  Gb  stm32f4xx_hal_tim.o [1]
HAL_TIM_ConfigClockSource
                        0x08029f2b    0x11e  Code  Gb  stm32f4xx_hal_tim.o [1]
HAL_TIM_IC_CaptureCallback
                        0x0802bbdf      0x2  Code  Wk  stm32f4xx_hal_tim.o [1]
HAL_TIM_IRQHandler      0x08029cb5    0x176  Code  Gb  stm32f4xx_hal_tim.o [1]
HAL_TIM_MspPostInit     0x0802857b     0x56  Code  Gb  stm32f4xx_hal_msp.o [1]
HAL_TIM_OC_DelayElapsedCallback
                        0x0802bbe1      0x2  Code  Wk  stm32f4xx_hal_tim.o [1]
HAL_TIM_PWM_ConfigChannel
                        0x08029e2b    0x100  Code  Gb  stm32f4xx_hal_tim.o [1]
HAL_TIM_PWM_Init        0x08029ba5     0x38  Code  Gb  stm32f4xx_hal_tim.o [1]
HAL_TIM_PWM_MspInit     0x0802bbdd      0x2  Code  Wk  stm32f4xx_hal_tim.o [1]
HAL_TIM_PWM_PulseFinishedCallback
                        0x0802bbe3      0x2  Code  Wk  stm32f4xx_hal_tim.o [1]
HAL_TIM_PWM_Start       0x08029bdd     0x4c  Code  Gb  stm32f4xx_hal_tim.o [1]
HAL_TIM_PWM_Stop        0x08029c29     0x82  Code  Gb  stm32f4xx_hal_tim.o [1]
HAL_TIM_PeriodElapsedCallback
                        0x08025d7f     0x1e  Code  Gb  main.o [1]
HAL_TIM_TriggerCallback
                        0x0802bbe7      0x2  Code  Wk  stm32f4xx_hal_tim.o [1]
HAL_UART_AbortReceive   0x08024d13     0x50  Code  Gb  stm32f4xx_hal_uart.o [1]
HAL_UART_DeInit         0x08024ab7     0x32  Code  Gb  stm32f4xx_hal_uart.o [1]
HAL_UART_ErrorCallback  0x08028e21      0x2  Code  Wk  stm32f4xx_hal_uart.o [1]
HAL_UART_IRQHandler     0x08024d63    0x146  Code  Gb  stm32f4xx_hal_uart.o [1]
HAL_UART_Init           0x08024a41     0x76  Code  Gb  stm32f4xx_hal_uart.o [1]
HAL_UART_MspDeInit      0x0802878b     0x5a  Code  Gb  stm32f4xx_hal_msp.o [1]
HAL_UART_MspInit        0x08028623    0x168  Code  Gb  stm32f4xx_hal_msp.o [1]
HAL_UART_Receive_DMA    0x08024c5d     0xb6  Code  Gb  stm32f4xx_hal_uart.o [1]
HAL_UART_RxCpltCallback
                        0x08021841    0x600  Code  Gb  wifi_task.o [1]
HAL_UART_RxHalfCpltCallback
                        0x08028e25      0x2  Code  Wk  stm32f4xx_hal_uart.o [1]
HAL_UART_Transmit       0x08024ae9     0xde  Code  Gb  stm32f4xx_hal_uart.o [1]
HAL_UART_Transmit_DMA   0x08024bc7     0x96  Code  Gb  stm32f4xx_hal_uart.o [1]
HAL_UART_TxCpltCallback
                        0x08021e41      0xe  Code  Gb  wifi_task.o [1]
HAL_UART_TxHalfCpltCallback
                        0x08028e23      0x2  Code  Wk  stm32f4xx_hal_uart.o [1]
HEAP$$Base              0x20000510            --   Gb  - Linker created -
HEAP$$Limit             0x20000710            --   Gb  - Linker created -
HardFault_Handler       0x0802dd97      0x2  Code  Gb  stm32f4xx_it.o [1]
LCD_Busy                0x0802d99b     0x56  Code  Gb  lcd_driver.o [1]
LCD_DisplayString       0x0802dae9     0x34  Code  Gb  lcd_driver.o [1]
LCD_Init                0x0802db1d     0x40  Code  Gb  lcd_driver.o [1]
LCD_SetDataInput        0x0802d95b     0x20  Code  Gb  lcd_driver.o [1]
LCD_SetDataOutput       0x0802d97b     0x20  Code  Gb  lcd_driver.o [1]
LCD_SetPosition         0x0802dac5     0x24  Code  Gb  lcd_driver.o [1]
LCD_SmallDelay          0x0802d959      0x2  Code  Gb  lcd_driver.o [1]
LCD_WriteCommand        0x0802d9f1     0x62  Code  Gb  lcd_driver.o [1]
LCD_WriteData           0x0802da53     0x62  Code  Gb  lcd_driver.o [1]
LoadInt                 0x08026c17     0x6e  Code  Lc  xprintffull.o [3]
MX_DCMI_Init            0x08025611     0x5e  Code  Lc  main.o [1]
MX_DMA_Init             0x080259fb     0x56  Code  Lc  main.o [1]
MX_GPIO_Init            0x08025a51    0x25e  Code  Lc  main.o [1]
MX_I2C2_Init            0x0802566f     0x6a  Code  Lc  main.o [1]
MX_RTC_Init             0x080256d9     0xb2  Code  Lc  main.o [1]
MX_TIM14_Init           0x080258a5     0x96  Code  Lc  main.o [1]
MX_TIM6_Init            0x0802578b     0x64  Code  Lc  main.o [1]
MX_TIM9_Init            0x080257ef     0xb6  Code  Lc  main.o [1]
MX_USART1_UART_Init     0x0802593b     0x60  Code  Lc  main.o [1]
MX_USART2_UART_Init     0x0802599b     0x60  Code  Lc  main.o [1]
MemManage_Handler       0x0802dd99      0x2  Code  Gb  stm32f4xx_it.o [1]
Mem_EraseApp            0x080244eb     0x50  Code  Gb  memory.o [1]
Mem_GetChecksum32       0x080245db     0x1e  Code  Gb  memory.o [1]
Mem_GetChecksum8        0x080245f9     0x22  Code  Gb  memory.o [1]
Mem_GetSector           0x0802461b    0x1a8  Code  Gb  memory.o [1]
Mem_ReadConfig          0x08024431     0x3e  Code  Gb  memory.o [1]
Mem_ReadInfo            0x08024309     0x52  Code  Gb  memory.o [1]
Mem_ResetConfig         0x080243d5     0x5c  Code  Gb  memory.o [1]
Mem_WriteApp            0x0802453b     0x3a  Code  Gb  memory.o [1]
Mem_WriteConfig         0x0802446f     0x7c  Code  Gb  memory.o [1]
Mem_WriteInfo           0x0802435b     0x7a  Code  Gb  memory.o [1]
Motor_ControlTask       0x0802a829    0x462  Code  Gb  motor_task.o [1]
Motor_SetDefault        0x0802aecb     0x84  Code  Gb  motor_task.o [1]
Motor_SetTimerPeriod    0x0802ae65     0x66  Code  Gb  motor_task.o [1]
Motor_StepControl_IRQ   0x0802ac8b    0x1da  Code  Gb  motor_task.o [1]
NMI_Handler             0x0802dd95      0x2  Code  Gb  stm32f4xx_it.o [1]
NVIC_DisableIRQ         0x08027779     0x14  Code  Lc  stm32f4xx_hal_cortex.o [1]
NVIC_EnableIRQ          0x08027765     0x14  Code  Lc  stm32f4xx_hal_cortex.o [1]
NVIC_EncodePriority     0x080277b3     0x3e  Code  Lc  stm32f4xx_hal_cortex.o [1]
NVIC_GetPriorityGrouping
                        0x0802775b      0xa  Code  Lc  stm32f4xx_hal_cortex.o [1]
NVIC_SetPriority        0x0802778d     0x26  Code  Lc  stm32f4xx_hal_cortex.o [1]
NVIC_SetPriorityGrouping
                        0x0802773d     0x1e  Code  Lc  stm32f4xx_hal_cortex.o [1]
NVIC_SystemReset        0x080277f1     0x1c  Code  Lc  stm32f4xx_hal_cortex.o [1]
OV2640_160x120_JPEG     0x0802dea0     0x50  Data  Gb  ov7670.o [1]
OV2640_176x144_JPEG     0x0802def0     0x50  Data  Gb  ov7670.o [1]
OV2640_320x240_JPEG     0x0802df40     0x50  Data  Gb  ov7670.o [1]
OV2640_352x288_JPEG     0x0802df90     0x50  Data  Gb  ov7670.o [1]
OV2640_JPEG             0x0802f134     0x10  Data  Gb  ov7670.o [1]
OV2640_JPEGConfig       0x0802d269    0x1b2  Code  Gb  ov7670.o [1]
OV2640_JPEG_INIT        0x0802db5c    0x17c  Data  Gb  ov7670.o [1]
OV2640_Reset            0x0802d41b     0x14  Code  Gb  ov7670.o [1]
OV2640_YUV422           0x0802f040     0x14  Data  Gb  ov7670.o [1]
PendSV_Handler          0x0802af8d           Code  Gb  portasm.o [1]
RTC_Bcd2ToByte          0x08027cff     0x1c  Code  Gb  stm32f4xx_hal_rtc.o [1]
RTC_ByteToBcd2          0x08027ce9     0x16  Code  Gb  stm32f4xx_hal_rtc.o [1]
RTC_EnterInitMode       0x08027cb1     0x38  Code  Gb  stm32f4xx_hal_rtc.o [1]
Region$$Table$$Base     0x0802e734            --   Gb  - Linker created -
Region$$Table$$Limit    0x0802e754            --   Gb  - Linker created -
SCCB_Start              0x0802d7a5     0x38  Code  Gb  sccb.o [1]
SCCB_Stop               0x0802d7dd     0x34  Code  Gb  sccb.o [1]
SCCB_WR_Byte            0x0802d811     0x9a  Code  Gb  sccb.o [1]
SCCB_WR_Reg             0x0802d8b1     0x5a  Code  Gb  sccb.o [1]
SVC_Handler             0x0802afe5           Code  Gb  portasm.o [1]
StartDefaultTask        0x08025caf     0xd0  Code  Gb  main.o [1]
SysTick_Config          0x0802780d     0x30  Code  Lc  stm32f4xx_hal_cortex.o [1]
SysTick_Handler         0x0802dda1      0x8  Code  Gb  stm32f4xx_it.o [1]
SystemClock_Config      0x08025505    0x10c  Code  Gb  main.o [1]
SystemCoreClock         0x20000004      0x4  Data  Gb  system_stm32f4xx.o [1]
SystemInit              0x0802de31     0x4a  Code  Gb  system_stm32f4xx.o [1]
TIM1_UP_TIM10_IRQHandler
                        0x0802dda9      0xa  Code  Gb  stm32f4xx_it.o [1]
TIM6_DAC_IRQHandler     0x0802ddd7      0xa  Code  Gb  stm32f4xx_it.o [1]
TIM8_TRG_COM_TIM14_IRQHandler
                        0x0802ddc7     0x10  Code  Gb  stm32f4xx_it.o [1]
TIM_Base_SetConfig      0x0802a049     0xe6  Code  Gb  stm32f4xx_hal_tim.o [1]
TIM_CCxChannelCmd       0x0802a1ad     0x1e  Code  Gb  stm32f4xx_hal_tim.o [1]
TIM_ETR_SetConfig       0x0802a3b9     0x1c  Code  Lc  stm32f4xx_hal_tim.o [1]
TIM_ITRx_SetConfig      0x0802a3a3     0x16  Code  Lc  stm32f4xx_hal_tim.o [1]
TIM_OC1_SetConfig       0x0802a1cb     0x72  Code  Lc  stm32f4xx_hal_tim.o [1]
TIM_OC2_SetConfig       0x0802a12f     0x7c  Code  Gb  stm32f4xx_hal_tim.o [1]
TIM_OC3_SetConfig       0x0802a23d     0x7a  Code  Lc  stm32f4xx_hal_tim.o [1]
TIM_OC4_SetConfig       0x0802a2b7     0x64  Code  Lc  stm32f4xx_hal_tim.o [1]
TIM_TI1_ConfigInputStage
                        0x0802a349     0x2c  Code  Lc  stm32f4xx_hal_tim.o [1]
TIM_TI2_ConfigInputStage
                        0x0802a375     0x2e  Code  Lc  stm32f4xx_hal_tim.o [1]
UART_DMAAbortOnError    0x08025041     0x16  Code  Lc  stm32f4xx_hal_uart.o [1]
UART_DMAError           0x08024f41     0x5c  Code  Lc  stm32f4xx_hal_uart.o [1]
UART_DMAReceiveCplt     0x08024eed     0x44  Code  Lc  stm32f4xx_hal_uart.o [1]
UART_DMARxHalfCplt      0x08024f31      0xe  Code  Lc  stm32f4xx_hal_uart.o [1]
UART_DMATransmitCplt    0x08024ea9     0x34  Code  Lc  stm32f4xx_hal_uart.o [1]
UART_DMATxHalfCplt      0x08024edd      0xe  Code  Lc  stm32f4xx_hal_uart.o [1]
UART_EndRxTransfer      0x08025021     0x20  Code  Lc  stm32f4xx_hal_uart.o [1]
UART_EndTransmit_IT     0x080250c7     0x20  Code  Lc  stm32f4xx_hal_uart.o [1]
UART_EndTxTransfer      0x0802500d     0x14  Code  Lc  stm32f4xx_hal_uart.o [1]
UART_Receive_IT         0x080250e7     0xa2  Code  Lc  stm32f4xx_hal_uart.o [1]
UART_SetConfig          0x08025189    0x312  Code  Lc  stm32f4xx_hal_uart.o [1]
UART_Transmit_IT        0x08025059     0x6e  Code  Lc  stm32f4xx_hal_uart.o [1]
UART_WaitOnFlagUntilTimeout
                        0x08024f9d     0x70  Code  Lc  stm32f4xx_hal_uart.o [1]
USART1_IRQHandler       0x0802ddb3      0xa  Code  Gb  stm32f4xx_it.o [1]
USART2_IRQHandler       0x0802ddbd      0xa  Code  Gb  stm32f4xx_it.o [1]
UsageFault_Handler      0x0802dd9d      0x2  Code  Gb  stm32f4xx_it.o [1]
WiFi_ControlTask        0x080201ad    0x2d8  Code  Gb  wifi_task.o [1]
WiFi_Ctrl_ClientManage  0x08020c89     0xba  Code  Gb  wifi_task.o [1]
WiFi_Ctrl_ConnectAP     0x08020a11     0xc4  Code  Gb  wifi_task.o [1]
WiFi_Ctrl_Echo          0x08020485     0x50  Code  Gb  wifi_task.o [1]
WiFi_Ctrl_GetIP         0x08020ad5     0xbe  Code  Gb  wifi_task.o [1]
WiFi_Ctrl_GetMac        0x0802054d    0x11e  Code  Gb  wifi_task.o [1]
WiFi_Ctrl_Idle          0x08021571     0xa4  Code  Gb  wifi_task.o [1]
WiFi_Ctrl_ReceRequest   0x08020d55     0x6e  Code  Gb  wifi_task.o [1]
WiFi_Ctrl_SendImage     0x08021211    0x342  Code  Gb  wifi_task.o [1]
WiFi_Ctrl_SendImageFileInfo
                        0x08020fcd    0x1d2  Code  Gb  wifi_task.o [1]
WiFi_Ctrl_SendRespond   0x08020df1    0x1a8  Code  Gb  wifi_task.o [1]
WiFi_Ctrl_SetupAP       0x0802066b    0x16e  Code  Gb  wifi_task.o [1]
WiFi_Ctrl_SetupStation  0x080208f9    0x118  Code  Gb  wifi_task.o [1]
WiFi_Ctrl_SetupUART     0x080204d5     0x78  Code  Gb  wifi_task.o [1]
WiFi_Ctrl_StartTcpClient
                        0x08020b99     0xcc  Code  Gb  wifi_task.o [1]
WiFi_Ctrl_StartTcpServer
                        0x080207d9    0x120  Code  Gb  wifi_task.o [1]
WiFi_ResetRxBuffer      0x08021731     0x76  Code  Gb  wifi_task.o [1]
WiFi_SendCommand        0x08021691     0x40  Code  Gb  wifi_task.o [1]
WiFi_SendData           0x080216d9     0x38  Code  Gb  wifi_task.o [1]
WiFi_SetUartBaudrate    0x0802161d     0x6a  Code  Gb  wifi_task.o [1]
_EncodingSb_Mbtowc      0x0802bc1b     0x30  Code  Gb  xencoding_sb.o [3]
_EncodingSb_Mbtowc::initial
                        0x0802bc58      0x8  Data  Lc  xencoding_sb.o [3]
_EncodingSb_Wctomb      0x0802bc01     0x1a  Code  Gb  xencoding_sb.o [3]
_EncodingSb_Wctomb::initial
                        0x0802bc50      0x8  Data  Lc  xencoding_sb.o [3]
_Error_Handler          0x08025e59      0x2  Code  Gb  main.o [1]
_GenldFull              0x0802749d    0x254  Code  Lc  xprintffull.o [3]
_IsdstStr               0x2000009c      0x4  Data  Gb  setlocale.o [3]
_LdtobFull              0x0802709d    0x3fa  Code  Lc  xprintffull.o [3]
_LitobFull              0x08026f91    0x10a  Code  Lc  xprintffull.o [3]
_LocaleEncoding         0x0802bbed      0xe  Code  Gb  setlocale.o [3]
_LocaleReturnString     0x200000bc     0x50  Data  Lc  setlocale.o [3]
_Locale_Profile         0x200000a0     0x1c  Data  Gb  setlocale.o [3]
_Locale_aeabi_lconv     0x20000060     0x38  Data  Gb  localeconv.o [3]
_Locale_lconv           0x20000010     0x50  Data  Gb  localeconv.o [3]
_Mbtowc                 0x0802b035     0x20  Code  Gb  xmbtowc.o [3]
_PrintfFull             0x080265a1    0x660  Code  Gb  xprintffull.o [3]
_PutcharsFull           0x080276f1     0x2e  Code  Lc  xprintffull.o [3]
_PutstrFull             0x08026c85    0x306  Code  Lc  xprintffull.o [3]
_SProut                 0x08024063      0xa  Code  Gb  xsprout.o [3]
_TzoneStr               0x20000098      0x4  Data  Gb  setlocale.o [3]
_Wctomb                 0x0802b181     0x1a  Code  Gb  xwctomb.o [3]
__aeabi_cdcmple         0x0802b351           Code  Gb  DblCmpLe.o [4]
__aeabi_cdrcmple        0x0802b381           Code  Gb  DblCmpGe.o [4]
__aeabi_d2iz            0x0802b4c5           Code  Gb  DblToI32.o [4]
__aeabi_d2uiz           0x0802b4f1           Code  Gb  DblToI32.o [4]
__aeabi_ddiv            0x0802b871           Code  Gb  DblDiv.o [4]
__aeabi_dmul            0x0802b6cd           Code  Gb  DblMul.o [4]
__aeabi_dsub            0x0802b54d           Code  Gb  DblSub.o [4]
__aeabi_i2d             0x0802b51d           Code  Gb  I32ToDbl.o [4]
__aeabi_ldiv0           0x0802bc8d           Code  Gb  I64DivZer.o [5]
__aeabi_memset          0x08023ffd           Code  Gb  ABImemset.o [5]
__aeabi_ui2d            0x0802b531           Code  Gb  I32ToDbl.o [4]
__aeabi_uldivmod        0x0802b21d           Code  Gb  I64DivMod.o [5]
__cmain                 0x0802ecd1           Code  Gb  cmain.o [5]
__data_Aldata           0x2001999c      0x8  Data  Gb  xxmemxmalloc.o [3]
__data_GetMemChunk      0x0802bc61     0x2c  Code  Gb  xgetmemchunk.o [3]
__data_GetMemChunk::start
                        0x20019a3c      0x4  Data  Lc  xgetmemchunk.o [3]
__exit                  0x0802ed01     0x14  Code  Gb  exit.o [6]
__iar_Dnorm             0x0802b30b     0x44  Code  Gb  xdnorm.o [4]
__iar_Dscale            0x0802b3b1    0x114  Code  Gb  xdscale.o [4]
__iar_Locale_lconv_init
                        0x0802bac9     0x3a  Code  Gb  localeconv.o [3]
__iar_Mbcurmax          0x0802b0c5      0xa  Code  Gb  xmbcurmax.o [3]
__iar_Memchr            0x0802b06d           Code  Gb  memchr.o [5]
__iar_Memset            0x08023ffd           Code  Gb  ABImemset.o [5]
__iar_Memset_word       0x08024005           Code  Gb  ABImemset.o [5]
__iar_Strchr            0x0802b055           Code  Gb  strchr.o [5]
__iar_close_ttio        0x0802e2c5     0x2e  Code  Gb  iarttio.o [6]
__iar_d2uiz             0x0802b4fd           Code  Gb  DblToI32.o [4]
__iar_dadd              0x0802bc91           Code  Gb  DblAdd.o [4]
__iar_data_init3        0x0802e515     0x28  Code  Gb  data_init.o [5]
__iar_dlib_perthread_access
                        0x0802bd65      0x2  Code  Gb  xtls.o [3]
__iar_dsub              0x0802b561           Code  Gb  DblSub.o [4]
__iar_dsubStart         0x0802b573           Code  Gb  DblSub.o [4]
__iar_init_vfp          0x0802e711           Code  Gb  fpinit_M.o [4]
__iar_lookup_ttioh      0x0802e2f5      0x8  Code  Gb  XShttio.o [3]
__iar_packbits_init_single3
                        0x0802e229     0x38  Code  Gb  packbits_init_single.o [5]
__iar_program_start     0x0802f2d1           Code  Gb  cstartup_M.o [5]
__iar_ttio_handles      0x20000008      0x8  Data  Lc  XShttio.o [3]
__iar_ui2d              0x0802b535           Code  Gb  I32ToDbl.o [4]
__iar_unaligned___aeabi_memcpy
                        0x08024291           Code  Gb  ABImemcpy_unaligned.o [5]
__iar_unaligned___aeabi_memcpy4
                        0x080242b1           Code  Gb  ABImemcpy_unaligned.o [5]
__iar_unaligned___aeabi_memcpy8
                        0x080242b1           Code  Gb  ABImemcpy_unaligned.o [5]
__iar_unaligned_memcmp  0x08025e95           Code  Gb  memcmp_unaligned.o [5]
__iar_zero_init3        0x0802e1e9     0x40  Code  Gb  zero_init3.o [5]
__low_level_init        0x0802eceb      0x4  Code  Gb  low_level_init.o [3]
__vector_table          0x08020000           Data  Gb  startup_stm32f437xx.o [1]
_call_main              0x0802ecdd           Code  Gb  cmain.o [5]
_exit                   0x0802ecf5           Code  Gb  cexit.o [5]
_main                   0x0802ece7           Code  Gb  cmain.o [5]
app_config              0x2001918c    0x10c  Data  Gb  memory.o [1]
app_info                0x2001988c     0x18  Data  Gb  memory.o [1]
camera_dbg              0x200197c4     0x34  Data  Gb  camera_task.o [1]
camera_event_group      0x200199a4      0x4  Data  Gb  camera_task.o [1]
camera_info             0x20000710  0x14034  Data  Gb  camera_task.o [1]
client_data             0x20018d94    0x3f8  Data  Gb  wifi_task.o [1]
client_data_index       0x20019a46      0x2  Data  Gb  wifi_task.o [1]
client_data_size        0x20019a48      0x2  Data  Gb  wifi_task.o [1]
client_id_active        0x2000010c      0x1  Data  Gb  wifi_task.o [1]
client_list             0x20019994      0x8  Data  Gb  wifi_task.o [1]
debug_queue             0x200199b0      0x4  Data  Gb  debug_task.o [1]
debug_timer             0x200199b4      0x4  Data  Gb  debug_task.o [1]
defaultTaskHandle       0x200199dc      0x4  Data  Gb  main.o [1]
delay_ms                0x0802d791     0x12  Code  Gb  delay.o [1]
delay_us                0x0802d759     0x30  Code  Gb  delay.o [1]
delay_us::temp_time     0x200199c0      0x4  Data  Lc  delay.o [1]
display_queue           0x200199c4      0x4  Data  Gb  display_task.o [1]
div                     0x0802bb35      0xe  Code  Gb  div.o [3]
exit                    0x0802ecef      0x4  Code  Gb  exit.o [3]
feedback                0x20019974      0xc  Data  Gb  client_task.o [1]
free                    0x0802b19d     0x7a  Code  Gb  xxmemxfree.o [3]
g_time_count            0x20019a40      0x2  Data  Gb  delay.o [1]
hdcmi                   0x200195d4     0x40  Data  Gb  main.o [1]
hdma_dcmi               0x20019460     0x60  Data  Gb  main.o [1]
hdma_usart1_rx          0x200194c0     0x60  Data  Gb  main.o [1]
hdma_usart1_tx          0x20019520     0x60  Data  Gb  main.o [1]
hi2c2                   0x20019580     0x54  Data  Gb  main.o [1]
hrtc                    0x2001982c     0x20  Data  Gb  main.o [1]
htim1                   0x20019788     0x3c  Data  Gb  stm32f4xx_hal_timebase_TIM.o [1]
htim14                  0x2001974c     0x3c  Data  Gb  main.o [1]
htim6                   0x200196d4     0x3c  Data  Gb  main.o [1]
htim9                   0x20019710     0x3c  Data  Gb  main.o [1]
huart1                  0x20019614     0x40  Data  Gb  main.o [1]
huart2                  0x20019654     0x40  Data  Gb  main.o [1]
line_start              0x20019a44      0x2  Data  Gb  wifi_task.o [1]
localeconv              0x0802bb03     0x16  Code  Gb  localeconv.o [3]
main                    0x080254a9     0x5c  Code  Gb  main.o [1]
makeFreeRtosPriority    0x08029149     0x12  Code  Lc  cmsis_os.o [1]
malloc                  0x0802b0d1     0xac  Code  Gb  xxmemxmalloc.o [3]
memchr                  0x0802b06d           Code  Gb  memchr.o [5]
message                 0x20019968      0xc  Data  Gb  client_task.o [1]
motor_group             0x2001984c     0x20  Data  Gb  motor_task.o [1]
osDelay                 0x08029193     0x1c  Code  Gb  cmsis_os.o [1]
osKernelStart           0x0802915b      0xa  Code  Gb  cmsis_os.o [1]
osSystickHandler        0x080291af     0x10  Code  Gb  cmsis_os.o [1]
osThreadCreate          0x08029165     0x2e  Code  Gb  cmsis_os.o [1]
ota_info                0x20019980      0xc  Data  Gb  client_task.o [1]
ov2640_1024x768_jpeg    0x0802e0cc     0x4c  Data  Gb  ov7670.o [1]
ov2640_640x480_jpeg     0x0802dfe0     0x50  Data  Gb  ov7670.o [1]
ov2640_800x600_jpeg     0x0802e030     0x50  Data  Gb  ov7670.o [1]
pFlash                  0x2001986c     0x20  Data  Gb  stm32f4xx_hal_flash.o [1]
packet_id               0x20019a4f      0x1  Data  Gb  wifi_task.o [1]
pcInterruptPriorityRegisters
                        0x0802f378      0x4  Data  Lc  port.o [1]
prvAddCurrentTaskToDelayedList
                        0x080228ad     0x82  Code  Lc  tasks.o [1]
prvAddNewTaskToReadyList
                        0x08022031     0xc0  Code  Lc  tasks.o [1]
prvCheckForValidListAndQueue
                        0x080264f7     0x4c  Code  Lc  timers.o [1]
prvCheckTasksWaitingTermination
                        0x0802263d     0x5c  Code  Lc  tasks.o [1]
prvCopyDataFromQueue    0x08022e23     0x30  Code  Lc  queue.o [1]
prvCopyDataToQueue      0x08022d85     0x9e  Code  Lc  queue.o [1]
prvDebugTimerCallback   0x08023001      0xa  Code  Lc  debug_task.o [1]
prvDeleteTCB            0x080226ad     0x12  Code  Lc  tasks.o [1]
prvGetNextExpireTime    0x08026313     0x2e  Code  Lc  timers.o [1]
prvHeapInit             0x080241a1     0x6e  Code  Lc  heap_4.o [1]
prvIdleTask             0x080225a9     0x28  Code  Lc  tasks.o [1]
prvInitialiseNewQueue   0x08022a31     0x36  Code  Lc  queue.o [1]
prvInitialiseNewTask    0x08021f6d     0xc4  Code  Lc  tasks.o [1]
prvInitialiseNewTimer   0x0802618f     0x3e  Code  Lc  timers.o [1]
prvInitialiseTaskLists  0x080225e5     0x54  Code  Lc  tasks.o [1]
prvInsertBlockIntoFreeList
                        0x0802420f     0x62  Code  Lc  heap_4.o [1]
prvInsertTimerInActiveList
                        0x08026369     0x50  Code  Lc  timers.o [1]
prvIsQueueEmpty         0x08022ec1     0x20  Code  Lc  queue.o [1]
prvIsQueueFull          0x08022ee1     0x22  Code  Lc  queue.o [1]
prvProcessExpiredTimer  0x08026241     0x48  Code  Lc  timers.o [1]
prvProcessReceivedCommands
                        0x080263b9     0xc4  Code  Lc  timers.o [1]
prvProcessTimerOrBlockTask
                        0x080262a3     0x70  Code  Lc  timers.o [1]
prvResetNextTaskUnblockTime
                        0x080226bf     0x2e  Code  Lc  tasks.o [1]
prvSampleTimeNow        0x08026341     0x28  Code  Lc  timers.o [1]
prvSampleTimeNow::xLastTime
                        0x20019a34      0x4  Data  Lc  timers.o [1]
prvSwitchTimerLists     0x0802647d     0x7a  Code  Lc  timers.o [1]
prvTaskExitError        0x08025fbd     0x10  Code  Lc  port.o [1]
prvTestWaitCondition    0x080249f9     0x24  Code  Lc  event_groups.o [1]
prvTimerTask            0x08026289     0x1a  Code  Lc  timers.o [1]
prvUnlockQueue          0x08022e53     0x6e  Code  Lc  queue.o [1]
push_event              0x20019a4c      0x1  Data  Gb  wifi_task.o [1]
pvPortMalloc            0x0802406d     0xde  Code  Gb  heap_4.o [1]
pvTaskIncrementMutexHeldCount
                        0x0802286b     0x1e  Code  Gb  tasks.o [1]
pxCurrentTCB            0x200199e8      0x4  Data  Gb  tasks.o [1]
pxCurrentTimerList      0x20019a24      0x4  Data  Lc  timers.o [1]
pxDelayedTaskList       0x200199ec      0x4  Data  Lc  tasks.o [1]
pxEnd                   0x200199c8      0x4  Data  Lc  heap_4.o [1]
pxOverflowDelayedTaskList
                        0x200199f0      0x4  Data  Lc  tasks.o [1]
pxOverflowTimerList     0x20019a28      0x4  Data  Lc  timers.o [1]
pxPortInitialiseStack   0x08025f95     0x28  Code  Gb  port.o [1]
pxReadyTasksLists       0x20019298     0xc8  Data  Lc  tasks.o [1]
receive_queue           0x20019a38      0x4  Data  Gb  wifi_task.o [1]
request_queue           0x200199a8      0x4  Data  Gb  client_task.o [1]
respond_queue           0x200199ac      0x4  Data  Gb  client_task.o [1]
rx_buffer               0x200193e0     0x80  Data  Gb  wifi_task.o [1]
rx_index                0x20019a42      0x2  Data  Gb  wifi_task.o [1]
sDate                   0x200199d8      0x4  Data  Gb  main.o [1]
sTime                   0x200198a4     0x14  Data  Gb  main.o [1]
sprintf                 0x080230f9     0x34  Code  Gb  sprintf.o [3]
strchr                  0x0802b055           Code  Gb  strchr.o [5]
strlen                  0x08025e5d           Code  Gb  strlen.o [5]
tcp_client_connected    0x20019a50      0x1  Data  Gb  wifi_task.o [1]
tx_buffer               0x20019360     0x80  Data  Gb  wifi_task.o [1]
ucHeap                  0x20014744   0x4650  Data  Lc  heap_4.o [1]
ucMaxSysCallPriority    0x20019a4a      0x1  Data  Lc  port.o [1]
ulMaxPRIGROUPValue      0x200199e0      0x4  Data  Lc  port.o [1]
uwTick                  0x200199e4      0x4  Data  Gb  stm32f4xx_hal.o [1]
uxCriticalNesting       0x20000000      0x4  Data  Lc  port.o [1]
uxCurrentNumberOfTasks  0x200199f8      0x4  Data  Lc  tasks.o [1]
uxDeletedTasksWaitingCleanUp
                        0x200199f4      0x4  Data  Lc  tasks.o [1]
uxListRemove            0x08025f6d     0x28  Code  Gb  list.o [1]
uxPendedTicks           0x20019a08      0x4  Data  Lc  tasks.o [1]
uxSchedulerSuspended    0x20019a20      0x4  Data  Lc  tasks.o [1]
uxTaskNumber            0x20019a14      0x4  Data  Lc  tasks.o [1]
uxTaskResetEventItemValue
                        0x0802284b     0x20  Code  Gb  tasks.o [1]
uxTopReadyPriority      0x20019a00      0x4  Data  Lc  tasks.o [1]
vApplicationIdleHook    0x0802659d      0x2  Code  Wk  freertos.o [1]
vApplicationMallocFailedHook
                        0x08027d43      0x2  Code  Wk  freertos.o [1]
vEventGroupSetBitsCallback
                        0x080249e7     0x10  Code  Gb  event_groups.o [1]
vListInitialise         0x08025ef7     0x1e  Code  Gb  list.o [1]
vListInitialiseItem     0x08025f15      0x6  Code  Gb  list.o [1]
vListInsert             0x08025f33     0x3a  Code  Gb  list.o [1]
vListInsertEnd          0x08025f1b     0x18  Code  Gb  list.o [1]
vPortEnableVFP          0x0802b019           Code  Gb  portasm.o [1]
vPortEnterCritical      0x08026065     0x1a  Code  Gb  port.o [1]
vPortExitCritical       0x0802607f     0x1a  Code  Gb  port.o [1]
vPortFree               0x0802414b     0x4a  Code  Gb  heap_4.o [1]
vPortSetupTimerInterrupt
                        0x080260f9     0x28  Code  Wk  port.o [1]
vPortStartFirstTask     0x0802b001           Code  Gb  portasm.o [1]
vPortValidateInterruptPriority
                        0x080260c5     0x14  Code  Gb  port.o [1]
vQueueAddToRegistry     0x08022f03     0x28  Code  Gb  queue.o [1]
vQueueWaitForMessageRestricted
                        0x08022f35     0x4c  Code  Gb  queue.o [1]
vTaskDelay              0x080220f1     0x34  Code  Gb  tasks.o [1]
vTaskMissedYield        0x0802259f      0xa  Code  Gb  tasks.o [1]
vTaskPlaceOnEventList   0x080223e1     0x20  Code  Gb  tasks.o [1]
vTaskPlaceOnEventListRestricted
                        0x0802242f     0x2c  Code  Gb  tasks.o [1]
vTaskPlaceOnUnorderedEventList
                        0x08022401     0x2e  Code  Gb  tasks.o [1]
vTaskPriorityInherit    0x08022719     0xaa  Code  Gb  tasks.o [1]
vTaskSetTimeOutState    0x0802252b     0x12  Code  Gb  tasks.o [1]
vTaskStartScheduler     0x08022125     0x5a  Code  Gb  tasks.o [1]
vTaskSuspendAll         0x0802217f     0x10  Code  Gb  tasks.o [1]
vTaskSwitchContext      0x0802238b     0x56  Code  Gb  tasks.o [1]
wifi_ctrl_state         0x20019a4e      0x1  Data  Gb  wifi_task.o [1]
wifi_ip_string          0x20019958     0x10  Data  Gb  wifi_task.o [1]
wifi_mac_string         0x20019944     0x14  Data  Gb  wifi_task.o [1]
wifi_message            0x200197f8     0x34  Data  Gb  wifi_task.o [1]
wifi_rx_state           0x20019a4d      0x1  Data  Gb  wifi_task.o [1]
wifi_uart_tx_done       0x20019a4b      0x1  Data  Gb  wifi_task.o [1]
xActiveTimerList1       0x2001991c     0x14  Data  Lc  timers.o [1]
xActiveTimerList2       0x20019930     0x14  Data  Lc  timers.o [1]
xBlockAllocatedBit      0x200199d4      0x4  Data  Lc  heap_4.o [1]
xDelayedTaskList1       0x200198b8     0x14  Data  Lc  tasks.o [1]
xDelayedTaskList2       0x200198cc     0x14  Data  Lc  tasks.o [1]
xEventGroupClearBits    0x0802491f     0x1c  Code  Gb  event_groups.o [1]
xEventGroupCreate       0x08024829     0x1c  Code  Gb  event_groups.o [1]
xEventGroupSetBits      0x0802493b     0xac  Code  Gb  event_groups.o [1]
xEventGroupSetBitsFromISR
                        0x08024a1d     0x1a  Code  Gb  event_groups.o [1]
xEventGroupWaitBits     0x08024845     0xda  Code  Gb  event_groups.o [1]
xFreeBytesRemaining     0x200199cc      0x4  Data  Lc  heap_4.o [1]
xHeapStructSize         0x0802f374      0x4  Data  Lc  heap_4.o [1]
xIdleTaskHandle         0x20019a1c      0x4  Data  Lc  tasks.o [1]
xMinimumEverFreeBytesRemaining
                        0x200199d0      0x4  Data  Lc  heap_4.o [1]
xNextTaskUnblockTime    0x20019a18      0x4  Data  Lc  tasks.o [1]
xNumOfOverflows         0x20019a10      0x4  Data  Lc  tasks.o [1]
xPendingReadyList       0x200198e0     0x14  Data  Lc  tasks.o [1]
xPortGetFreeHeapSize    0x08024195      0x6  Code  Gb  heap_4.o [1]
xPortGetMinimumEverFreeHeapSize
                        0x0802419b      0x6  Code  Gb  heap_4.o [1]
xPortStartScheduler     0x08025fcd     0x98  Code  Gb  port.o [1]
xPortSysTickHandler     0x08026099     0x28  Code  Gb  port.o [1]
xQueueGenericCreate     0x080229ed     0x44  Code  Gb  queue.o [1]
xQueueGenericReceive    0x08022c11    0x174  Code  Gb  queue.o [1]
xQueueGenericReset      0x0802296d     0x80  Code  Gb  queue.o [1]
xQueueGenericSend       0x08022a67    0x122  Code  Gb  queue.o [1]
xQueueGenericSendFromISR
                        0x08022b89     0x88  Code  Gb  queue.o [1]
xQueueRegistry          0x20019694     0x40  Data  Gb  queue.o [1]
xSchedulerRunning       0x20019a04      0x4  Data  Lc  tasks.o [1]
xStart                  0x2001998c      0x8  Data  Lc  heap_4.o [1]
xSuspendedTaskList      0x20019908     0x14  Data  Lc  tasks.o [1]
xTaskCheckForTimeOut    0x0802253d     0x62  Code  Gb  tasks.o [1]
xTaskCreate             0x08021ee9     0x84  Code  Gb  tasks.o [1]
xTaskGetSchedulerState  0x080226ed     0x26  Code  Gb  tasks.o [1]
xTaskGetTickCount       0x08022273      0xa  Code  Gb  tasks.o [1]
xTaskIncrementTick      0x0802227d    0x10e  Code  Gb  tasks.o [1]
xTaskPriorityDisinherit
                        0x080227c3     0x88  Code  Gb  tasks.o [1]
xTaskRemoveFromEventList
                        0x0802245b     0x72  Code  Gb  tasks.o [1]
xTaskRemoveFromUnorderedEventList
                        0x080224cd     0x5e  Code  Gb  tasks.o [1]
xTaskResumeAll          0x0802218f     0xe4  Code  Gb  tasks.o [1]
xTasksWaitingTermination
                        0x200198f4     0x14  Data  Lc  tasks.o [1]
xTickCount              0x200199fc      0x4  Data  Lc  tasks.o [1]
xTimerCreate            0x08026155     0x3a  Code  Gb  timers.o [1]
xTimerCreateTimerTask   0x08026121     0x34  Code  Gb  timers.o [1]
xTimerGenericCommand    0x080261cd     0x74  Code  Gb  timers.o [1]
xTimerPendFunctionCallFromISR
                        0x08026543     0x30  Code  Gb  timers.o [1]
xTimerQueue             0x20019a2c      0x4  Data  Lc  timers.o [1]
xTimerTaskHandle        0x20019a30      0x4  Data  Lc  timers.o [1]
xYieldPending           0x20019a0c      0x4  Data  Lc  tasks.o [1]


[1] = D:\WiFi_Camera_Prj\WiFi_Camera_Firmware\EWARM\WiFi_Camera\Obj
[2] = command line
[3] = dl7M_tlf.a
[4] = m7M_tls.a
[5] = rt7M_tl.a
[6] = shb_l.a

   57 278 bytes of readonly  code memory
    5 461 bytes of readonly  data memory
  105 038 bytes of readwrite data memory

Errors: none
Warnings: none
